Archive member included because of file (symbol)

/Developer/Eclipse/gcc-arm-none-eabi-4_9-2015q2/bin/../lib/gcc/arm-none-eabi/4.9.3/../../../../arm-none-eabi/lib/armv7e-m/libm.a(lib_a-s_modf.o)
                              ./src/application.o (modf)
/Developer/Eclipse/gcc-arm-none-eabi-4_9-2015q2/bin/../lib/gcc/arm-none-eabi/4.9.3/../../../../arm-none-eabi/lib/armv7e-m/libm.a(lib_a-w_pow.o)
                              ./stm32haldev/stm32dev/src/general/stm32dev_general.o (pow)
/Developer/Eclipse/gcc-arm-none-eabi-4_9-2015q2/bin/../lib/gcc/arm-none-eabi/4.9.3/../../../../arm-none-eabi/lib/armv7e-m/libm.a(lib_a-e_pow.o)
                              /Developer/Eclipse/gcc-arm-none-eabi-4_9-2015q2/bin/../lib/gcc/arm-none-eabi/4.9.3/../../../../arm-none-eabi/lib/armv7e-m/libm.a(lib_a-w_pow.o) (__ieee754_pow)
/Developer/Eclipse/gcc-arm-none-eabi-4_9-2015q2/bin/../lib/gcc/arm-none-eabi/4.9.3/../../../../arm-none-eabi/lib/armv7e-m/libm.a(lib_a-e_sqrt.o)
                              /Developer/Eclipse/gcc-arm-none-eabi-4_9-2015q2/bin/../lib/gcc/arm-none-eabi/4.9.3/../../../../arm-none-eabi/lib/armv7e-m/libm.a(lib_a-e_pow.o) (__ieee754_sqrt)
/Developer/Eclipse/gcc-arm-none-eabi-4_9-2015q2/bin/../lib/gcc/arm-none-eabi/4.9.3/../../../../arm-none-eabi/lib/armv7e-m/libm.a(lib_a-s_fabs.o)
                              /Developer/Eclipse/gcc-arm-none-eabi-4_9-2015q2/bin/../lib/gcc/arm-none-eabi/4.9.3/../../../../arm-none-eabi/lib/armv7e-m/libm.a(lib_a-e_pow.o) (fabs)
/Developer/Eclipse/gcc-arm-none-eabi-4_9-2015q2/bin/../lib/gcc/arm-none-eabi/4.9.3/../../../../arm-none-eabi/lib/armv7e-m/libm.a(lib_a-s_finite.o)
                              /Developer/Eclipse/gcc-arm-none-eabi-4_9-2015q2/bin/../lib/gcc/arm-none-eabi/4.9.3/../../../../arm-none-eabi/lib/armv7e-m/libm.a(lib_a-w_pow.o) (finite)
/Developer/Eclipse/gcc-arm-none-eabi-4_9-2015q2/bin/../lib/gcc/arm-none-eabi/4.9.3/../../../../arm-none-eabi/lib/armv7e-m/libm.a(lib_a-s_fpclassify.o)
                              /Developer/Eclipse/gcc-arm-none-eabi-4_9-2015q2/bin/../lib/gcc/arm-none-eabi/4.9.3/../../../../arm-none-eabi/lib/armv7e-m/libm.a(lib_a-w_pow.o) (__fpclassifyd)
/Developer/Eclipse/gcc-arm-none-eabi-4_9-2015q2/bin/../lib/gcc/arm-none-eabi/4.9.3/../../../../arm-none-eabi/lib/armv7e-m/libm.a(lib_a-s_lib_ver.o)
                              /Developer/Eclipse/gcc-arm-none-eabi-4_9-2015q2/bin/../lib/gcc/arm-none-eabi/4.9.3/../../../../arm-none-eabi/lib/armv7e-m/libm.a(lib_a-w_pow.o) (__fdlib_version)
/Developer/Eclipse/gcc-arm-none-eabi-4_9-2015q2/bin/../lib/gcc/arm-none-eabi/4.9.3/../../../../arm-none-eabi/lib/armv7e-m/libm.a(lib_a-s_matherr.o)
                              /Developer/Eclipse/gcc-arm-none-eabi-4_9-2015q2/bin/../lib/gcc/arm-none-eabi/4.9.3/../../../../arm-none-eabi/lib/armv7e-m/libm.a(lib_a-w_pow.o) (matherr)
/Developer/Eclipse/gcc-arm-none-eabi-4_9-2015q2/bin/../lib/gcc/arm-none-eabi/4.9.3/../../../../arm-none-eabi/lib/armv7e-m/libm.a(lib_a-s_nan.o)
                              /Developer/Eclipse/gcc-arm-none-eabi-4_9-2015q2/bin/../lib/gcc/arm-none-eabi/4.9.3/../../../../arm-none-eabi/lib/armv7e-m/libm.a(lib_a-e_pow.o) (nan)
/Developer/Eclipse/gcc-arm-none-eabi-4_9-2015q2/bin/../lib/gcc/arm-none-eabi/4.9.3/../../../../arm-none-eabi/lib/armv7e-m/libm.a(lib_a-s_rint.o)
                              /Developer/Eclipse/gcc-arm-none-eabi-4_9-2015q2/bin/../lib/gcc/arm-none-eabi/4.9.3/../../../../arm-none-eabi/lib/armv7e-m/libm.a(lib_a-w_pow.o) (rint)
/Developer/Eclipse/gcc-arm-none-eabi-4_9-2015q2/bin/../lib/gcc/arm-none-eabi/4.9.3/../../../../arm-none-eabi/lib/armv7e-m/libm.a(lib_a-s_scalbn.o)
                              /Developer/Eclipse/gcc-arm-none-eabi-4_9-2015q2/bin/../lib/gcc/arm-none-eabi/4.9.3/../../../../arm-none-eabi/lib/armv7e-m/libm.a(lib_a-e_pow.o) (scalbn)
/Developer/Eclipse/gcc-arm-none-eabi-4_9-2015q2/bin/../lib/gcc/arm-none-eabi/4.9.3/../../../../arm-none-eabi/lib/armv7e-m/libm.a(lib_a-s_copysign.o)
                              /Developer/Eclipse/gcc-arm-none-eabi-4_9-2015q2/bin/../lib/gcc/arm-none-eabi/4.9.3/../../../../arm-none-eabi/lib/armv7e-m/libm.a(lib_a-s_scalbn.o) (copysign)
/Developer/Eclipse/gcc-arm-none-eabi-4_9-2015q2/bin/../lib/gcc/arm-none-eabi/4.9.3/armv7e-m/libgcc.a(_arm_addsubdf3.o)
                              ./src/application.o (__aeabi_dsub)
/Developer/Eclipse/gcc-arm-none-eabi-4_9-2015q2/bin/../lib/gcc/arm-none-eabi/4.9.3/armv7e-m/libgcc.a(_arm_muldivdf3.o)
                              ./stm32haldev/stm32dev/src/general/stm32dev_general.o (__aeabi_dmul)
/Developer/Eclipse/gcc-arm-none-eabi-4_9-2015q2/bin/../lib/gcc/arm-none-eabi/4.9.3/armv7e-m/libgcc.a(_arm_cmpdf2.o)
                              /Developer/Eclipse/gcc-arm-none-eabi-4_9-2015q2/bin/../lib/gcc/arm-none-eabi/4.9.3/../../../../arm-none-eabi/lib/armv7e-m/libm.a(lib_a-w_pow.o) (__aeabi_dcmpeq)
/Developer/Eclipse/gcc-arm-none-eabi-4_9-2015q2/bin/../lib/gcc/arm-none-eabi/4.9.3/armv7e-m/libgcc.a(_arm_fixdfsi.o)
[...]
Memory Configuration

Name             Origin             Length             Attributes
RAM              0x0000000020000000 0x0000000000030000 xrw
CCMRAM           0x0000000010000000 0x0000000000010000 xrw
FLASH            0x0000000008000000 0x0000000000200000 xr
FLASHB1          0x0000000000000000 0x0000000000000000 xr
EXTMEMB0         0x0000000000000000 0x0000000000000000 xr
EXTMEMB1         0x0000000000000000 0x0000000000000000 xr
EXTMEMB2         0x0000000000000000 0x0000000000000000 xr
EXTMEMB3         0x0000000000000000 0x0000000000000000 xr
MEMORY_ARRAY     0x0000000020002000 0x0000000000000020 xrw
*default*        0x0000000000000000 0xffffffffffffffff

Linker script and memory map

LOAD ./stm32haldev/system/src/newlib/_exit.o
LOAD ./stm32haldev/system/src/newlib/_sbrk.o
LOAD ./stm32haldev/system/src/newlib/_startup.o
LOAD ./stm32haldev/system/src/newlib/_syscalls.o
LOAD ./stm32haldev/system/src/newlib/assert.o
LOAD ./stm32haldev/system/src/diag/Trace.o
LOAD ./stm32haldev/system/src/diag/trace_impl.o
LOAD ./stm32haldev/system/src/cortexm/_initialize_hardware.o
LOAD ./stm32haldev/system/src/cortexm/_reset_hardware.o
LOAD ./stm32haldev/system/src/cortexm/exception_handlers.o
LOAD ./stm32haldev/system/STM32F4xx_HAL_Driver/Src/stm32f4xx_hal.o
LOAD ./stm32haldev/system/STM32F4xx_HAL_Driver/Src/stm32f4xx_hal_adc.o
LOAD ./stm32haldev/system/STM32F4xx_HAL_Driver/Src/stm32f4xx_hal_adc_ex.o
LOAD ./stm32haldev/system/STM32F4xx_HAL_Driver/Src/stm32f4xx_hal_can.o
LOAD ./stm32haldev/system/STM32F4xx_HAL_Driver/Src/stm32f4xx_hal_cec.o
LOAD ./stm32haldev/system/STM32F4xx_HAL_Driver/Src/stm32f4xx_hal_cortex.o
LOAD ./stm32haldev/system/STM32F4xx_HAL_Driver/Src/stm32f4xx_hal_crc.o
LOAD ./stm32haldev/system/STM32F4xx_HAL_Driver/Src/stm32f4xx_hal_cryp.o
LOAD ./stm32haldev/system/STM32F4xx_HAL_Driver/Src/stm32f4xx_hal_cryp_ex.o
LOAD ./stm32haldev/system/STM32F4xx_HAL_Driver/Src/stm32f4xx_hal_dac.o
LOAD ./stm32haldev/system/STM32F4xx_HAL_Driver/Src/stm32f4xx_hal_dac_ex.o
LOAD ./stm32haldev/system/STM32F4xx_HAL_Driver/Src/stm32f4xx_hal_dcmi.o
LOAD ./stm32haldev/system/STM32F4xx_HAL_Driver/Src/stm32f4xx_hal_dcmi_ex.o
LOAD ./stm32haldev/system/STM32F4xx_HAL_Driver/Src/stm32f4xx_hal_dma.o
LOAD ./stm32haldev/system/STM32F4xx_HAL_Driver/Src/stm32f4xx_hal_dma2d.o
LOAD ./stm32haldev/system/STM32F4xx_HAL_Driver/Src/stm32f4xx_hal_dma_ex.o
LOAD ./stm32haldev/system/STM32F4xx_HAL_Driver/Src/stm32f4xx_hal_eth.o
LOAD ./stm32haldev/system/STM32F4xx_HAL_Driver/Src/stm32f4xx_hal_flash.o
LOAD ./stm32haldev/system/STM32F4xx_HAL_Driver/Src/stm32f4xx_hal_flash_ex.o
LOAD ./stm32haldev/system/STM32F4xx_HAL_Driver/Src/stm32f4xx_hal_flash_ramfunc.o
LOAD ./stm32haldev/system/STM32F4xx_HAL_Driver/Src/stm32f4xx_hal_fmpi2c.o
LOAD ./stm32haldev/system/STM32F4xx_HAL_Driver/Src/stm32f4xx_hal_fmpi2c_ex.o
LOAD ./stm32haldev/system/STM32F4xx_HAL_Driver/Src/stm32f4xx_hal_gpio.o
LOAD ./stm32haldev/system/STM32F4xx_HAL_Driver/Src/stm32f4xx_hal_hash.o
LOAD ./stm32haldev/system/STM32F4xx_HAL_Driver/Src/stm32f4xx_hal_hash_ex.o
LOAD ./stm32haldev/system/STM32F4xx_HAL_Driver/Src/stm32f4xx_hal_hcd.o
LOAD ./stm32haldev/system/STM32F4xx_HAL_Driver/Src/stm32f4xx_hal_i2c.o
LOAD ./stm32haldev/system/STM32F4xx_HAL_Driver/Src/stm32f4xx_hal_i2c_ex.o
LOAD ./stm32haldev/system/STM32F4xx_HAL_Driver/Src/stm32f4xx_hal_i2s.o
LOAD ./stm32haldev/system/STM32F4xx_HAL_Driver/Src/stm32f4xx_hal_i2s_ex.o
LOAD ./stm32haldev/system/STM32F4xx_HAL_Driver/Src/stm32f4xx_hal_irda.o
LOAD ./stm32haldev/system/STM32F4xx_HAL_Driver/Src/stm32f4xx_hal_iwdg.o
LOAD ./stm32haldev/system/STM32F4xx_HAL_Driver/Src/stm32f4xx_hal_ltdc.o
LOAD ./stm32haldev/system/STM32F4xx_HAL_Driver/Src/stm32f4xx_hal_msp_template.o
LOAD ./stm32haldev/system/STM32F4xx_HAL_Driver/Src/stm32f4xx_hal_nand.o
LOAD ./stm32haldev/system/STM32F4xx_HAL_Driver/Src/stm32f4xx_hal_nor.o
LOAD ./stm32haldev/system/STM32F4xx_HAL_Driver/Src/stm32f4xx_hal_pccard.o
LOAD ./stm32haldev/system/STM32F4xx_HAL_Driver/Src/stm32f4xx_hal_pcd.o
LOAD ./stm32haldev/system/STM32F4xx_HAL_Driver/Src/stm32f4xx_hal_pcd_ex.o
LOAD ./stm32haldev/system/STM32F4xx_HAL_Driver/Src/stm32f4xx_hal_pwr.o
LOAD ./stm32haldev/system/STM32F4xx_HAL_Driver/Src/stm32f4xx_hal_pwr_ex.o
LOAD ./stm32haldev/system/STM32F4xx_HAL_Driver/Src/stm32f4xx_hal_qspi.o
LOAD ./stm32haldev/system/STM32F4xx_HAL_Driver/Src/stm32f4xx_hal_rcc.o
LOAD ./stm32haldev/system/STM32F4xx_HAL_Driver/Src/stm32f4xx_hal_rcc_ex.o
LOAD ./stm32haldev/system/STM32F4xx_HAL_Driver/Src/stm32f4xx_hal_rng.o
LOAD ./stm32haldev/system/STM32F4xx_HAL_Driver/Src/stm32f4xx_hal_rtc.o
LOAD ./stm32haldev/system/STM32F4xx_HAL_Driver/Src/stm32f4xx_hal_rtc_ex.o
LOAD ./stm32haldev/system/STM32F4xx_HAL_Driver/Src/stm32f4xx_hal_sai.o
LOAD ./stm32haldev/system/STM32F4xx_HAL_Driver/Src/stm32f4xx_hal_sai_ex.o
LOAD ./stm32haldev/system/STM32F4xx_HAL_Driver/Src/stm32f4xx_hal_sd.o
LOAD ./stm32haldev/system/STM32F4xx_HAL_Driver/Src/stm32f4xx_hal_sdram.o
LOAD ./stm32haldev/system/STM32F4xx_HAL_Driver/Src/stm32f4xx_hal_smartcard.o
LOAD ./stm32haldev/system/STM32F4xx_HAL_Driver/Src/stm32f4xx_hal_spdifrx.o
LOAD ./stm32haldev/system/STM32F4xx_HAL_Driver/Src/stm32f4xx_hal_spi.o
LOAD ./stm32haldev/system/STM32F4xx_HAL_Driver/Src/stm32f4xx_hal_sram.o
LOAD ./stm32haldev/system/STM32F4xx_HAL_Driver/Src/stm32f4xx_hal_tim.o
LOAD ./stm32haldev/system/STM32F4xx_HAL_Driver/Src/stm32f4xx_hal_tim_ex.o
LOAD ./stm32haldev/system/STM32F4xx_HAL_Driver/Src/stm32f4xx_hal_uart.o
LOAD ./stm32haldev/system/STM32F4xx_HAL_Driver/Src/stm32f4xx_hal_usart.o
LOAD ./stm32haldev/system/STM32F4xx_HAL_Driver/Src/stm32f4xx_hal_wwdg.o
LOAD ./stm32haldev/system/STM32F4xx_HAL_Driver/Src/stm32f4xx_ll_fmc.o
LOAD ./stm32haldev/system/STM32F4xx_HAL_Driver/Src/stm32f4xx_ll_fsmc.o
LOAD ./stm32haldev/system/STM32F4xx_HAL_Driver/Src/stm32f4xx_ll_sdmmc.o
LOAD ./stm32haldev/system/STM32F4xx_HAL_Driver/Src/stm32f4xx_ll_usb.o
LOAD ./stm32haldev/system/CMSIS/Device/ST/STM32F4xx/Source/system/system_stm32f4xx.o
LOAD ./stm32haldev/system/CMSIS/Device/ST/STM32F4xx/Source/stm32f429/startup_stm32f429xx.o
LOAD ./stm32haldev/stm32dev/src/stm32f4/stm32dev_dma_f4.o
LOAD ./stm32haldev/stm32dev/src/stm32f4/stm32dev_exti_f4.o
LOAD ./stm32haldev/stm32dev/src/stm32f4/stm32dev_gpio_f4.o
LOAD ./stm32haldev/stm32dev/src/stm32f4/stm32dev_nvic_f4.o
LOAD ./stm32haldev/stm32dev/src/stm32f4/stm32dev_pwr_f4.o
LOAD ./stm32haldev/stm32dev/src/stm32f4/stm32dev_rcc_f4.o
LOAD ./stm32haldev/stm32dev/src/stm32f4/stm32dev_rtc_f4.o
LOAD ./stm32haldev/stm32dev/src/stm32f4/stm32dev_spi_f4.o
LOAD ./stm32haldev/stm32dev/src/stm32f4/stm32dev_tim_f4.o
LOAD ./stm32haldev/stm32dev/src/stm32f4/stm32dev_usart_f4.o
LOAD ./stm32haldev/stm32dev/src/general/stm32dev_dds_AD9833.o
LOAD ./stm32haldev/stm32dev/src/general/stm32dev_dds_AD9834.o
LOAD ./stm32haldev/stm32dev/src/general/stm32dev_dds_AD9850.o
LOAD ./stm32haldev/stm32dev/src/general/stm32dev_dds_AD9851.o
LOAD ./stm32haldev/stm32dev/src/general/stm32dev_general.o
LOAD ./stm32haldev/stm32dev/src/general/stm32dev_screen_ssd1306.o
LOAD ./stm32haldev/stm32dev/boards/alt0064_A.o
LOAD ./stm32haldev/stm32dev/boards/alt0065_A.o
LOAD ./stm32haldev/stm32dev/boards/alt0068_A.o
LOAD ./stm32haldev/stm32dev/boards/f429disco.o
LOAD ./src/usbcore/usbd_core.o
LOAD ./src/usbcore/usbd_ctlreq.o
LOAD ./src/usbcore/usbd_ioreq.o
LOAD ./src/cdc/usbd_cdc.o
LOAD ./src/_write.o
LOAD ./src/application.o
LOAD ./src/main.o
LOAD ./src/stm32f4xx_hal_msp.o
LOAD ./src/stm32f4xx_it.o
LOAD ./src/usbd_cdc_interface.o
LOAD ./src/usbd_conf.o
LOAD ./src/usbd_desc.o
LOAD /Developer/Eclipse/gcc-arm-none-eabi-4_9-2015q2/bin/../lib/gcc/arm-none-eabi/4.9.3/../../../../arm-none-eabi/lib/armv7e-m/libstdc++_nano.a
LOAD /Developer/Eclipse/gcc-arm-none-eabi-4_9-2015q2/bin/../lib/gcc/arm-none-eabi/4.9.3/../../../../arm-none-eabi/lib/armv7e-m/libm.a
START GROUP
LOAD /Developer/Eclipse/gcc-arm-none-eabi-4_9-2015q2/bin/../lib/gcc/arm-none-eabi/4.9.3/armv7e-m/libgcc.a
LOAD /Developer/Eclipse/gcc-arm-none-eabi-4_9-2015q2/bin/../lib/gcc/arm-none-eabi/4.9.3/../../../../arm-none-eabi/lib/armv7e-m/libg_nano.a
LOAD /Developer/Eclipse/gcc-arm-none-eabi-4_9-2015q2/bin/../lib/gcc/arm-none-eabi/4.9.3/../../../../arm-none-eabi/lib/armv7e-m/libc_nano.a
END GROUP
START GROUP
LOAD /Developer/Eclipse/gcc-arm-none-eabi-4_9-2015q2/bin/../lib/gcc/arm-none-eabi/4.9.3/armv7e-m/libgcc.a
LOAD /Developer/Eclipse/gcc-arm-none-eabi-4_9-2015q2/bin/../lib/gcc/arm-none-eabi/4.9.3/../../../../arm-none-eabi/lib/armv7e-m/libc_nano.a
END GROUP
                0x0000000020030000                __stack = (ORIGIN (RAM) + 0x30000)
                0x0000000020030000                _estack = __stack
                0x0000000000000400                __Main_Stack_Size = 0x400
                0x0000000000000400                PROVIDE (_Main_Stack_Size, __Main_Stack_Size)
                0x000000002002fc00                __Main_Stack_Limit = (__stack - __Main_Stack_Size)
                0x000000002002fc00                PROVIDE (_Main_Stack_Limit, __Main_Stack_Limit)
                0x0000000000000100                _Minimum_Stack_Size = 0x100
                0x00000000200038ac                PROVIDE (_Heap_Begin, _end_noinit)
                0x000000002002fc00                PROVIDE (_Heap_Limit, (__stack - __Main_Stack_Size))

.isr_vector     0x0000000008000000      0x324
 FILL mask 0xff
                0x0000000008000000                __vectors_start__ = ABSOLUTE (.)
 *(.isr_vector)
 .isr_vector    0x0000000008000000      0x1ac ./stm32haldev/system/CMSIS/Device/ST/STM32F4xx/Source/stm32f429/startup_stm32f429xx.o
                0x0000000008000000                g_pfnVectors
 *(.cfmconfig)
 *(.after_vectors .after_vectors.*)
 .after_vectors
                0x00000000080001ac      0x108 ./stm32haldev/system/src/newlib/_startup.o
                0x00000000080001ac                _start
 .after_vectors
                0x00000000080002b4       0x70 ./stm32haldev/system/src/cortexm/exception_handlers.o
                0x00000000080002b4                Reset_Handler
                0x00000000080002d2                HardFault_Handler_C
                0x00000000080002ee                BusFault_Handler_C
                0x0000000008000306                UsageFault_Handler_C

.inits          0x0000000008000324       0x28
                0x0000000008000324                __data_regions_array_start = .
                0x0000000008000324        0x4 LONG 0x8007f90 LOADADDR (.data)
                0x0000000008000328        0x4 LONG 0x20000000 ADDR (.data)
                0x000000000800032c        0x4 LONG 0x20002380 (ADDR (.data) + SIZEOF (.data))
                0x0000000008000330        0x4 LONG 0x8007f90 LOADADDR (.data_CCMRAM)
                0x0000000008000334        0x4 LONG 0x10000000 ADDR (.data_CCMRAM)
                0x0000000008000338        0x4 LONG 0x10000000 (ADDR (.data_CCMRAM) + SIZEOF (.data_CCMRAM))
                0x000000000800033c                __data_regions_array_end = .
                0x000000000800033c                __bss_regions_array_start = .
                0x000000000800033c        0x4 LONG 0x20002380 ADDR (.bss)
                0x0000000008000340        0x4 LONG 0x200038ac (ADDR (.bss) + SIZEOF (.bss))
                0x0000000008000344        0x4 LONG 0x10000000 ADDR (.bss_CCMRAM)
                0x0000000008000348        0x4 LONG 0x10000000 (ADDR (.bss_CCMRAM) + SIZEOF (.bss_CCMRAM))
                0x000000000800034c                __bss_regions_array_end = .
 *(.init)
 *(.fini)
                0x000000000800034c                . = ALIGN (0x4)
                0x000000000800034c                PROVIDE (__preinit_array_start, .)
 *(.preinit_array_sysinit .preinit_array_sysinit.*)
 *(.preinit_array_platform .preinit_array_platform.*)
 *(.preinit_array .preinit_array.*)
                0x000000000800034c                PROVIDE (__preinit_array_end, .)
                0x000000000800034c                . = ALIGN (0x4)
                0x000000000800034c                PROVIDE (__init_array_start, .)
 *(SORT(.init_array.*))
 *(.init_array)
                0x000000000800034c                PROVIDE (__init_array_end, .)
                0x000000000800034c                . = ALIGN (0x4)
                0x000000000800034c                PROVIDE (__fini_array_start, .)
 *(SORT(.fini_array.*))
 *(.fini_array)
                0x000000000800034c                PROVIDE (__fini_array_end, .)

.flashtext
 *(.flashtext .flashtext.*)

.text           0x0000000008000350     0x7c38
 *(.text .text.*)
 .text._exit    0x0000000008000350        0x2 ./stm32haldev/system/src/newlib/_exit.o
                0x0000000008000350                _exit
 *fill*         0x0000000008000352        0x2 
 .text._sbrk    0x0000000008000354       0x40 ./stm32haldev/system/src/newlib/_sbrk.o
                0x0000000008000354                _sbrk
 .text.__initialize_args
                0x0000000008000394       0x10 ./stm32haldev/system/src/newlib/_syscalls.o
                0x0000000008000394                __initialize_args
 .text.__initialize_hardware_early
                0x00000000080003a4        0x4 ./stm32haldev/system/src/cortexm/_initialize_hardware.o
                0x00000000080003a4                __initialize_hardware_early
 .text.__initialize_hardware
                0x00000000080003a8        0x4 ./stm32haldev/system/src/cortexm/_initialize_hardware.o
                0x00000000080003a8                __initialize_hardware
 .text.HAL_InitTick
                0x00000000080003ac       0x24 ./stm32haldev/system/STM32F4xx_HAL_Driver/Src/stm32f4xx_hal.o
                0x00000000080003ac                HAL_InitTick
 .text.HAL_Init
                0x00000000080003d0       0x2c ./stm32haldev/system/STM32F4xx_HAL_Driver/Src/stm32f4xx_hal.o
                0x00000000080003d0                HAL_Init
 .text.HAL_IncTick
                0x00000000080003fc       0x10 ./stm32haldev/system/STM32F4xx_HAL_Driver/Src/stm32f4xx_hal.o
                0x00000000080003fc                HAL_IncTick
 .text.HAL_GetTick
                0x000000000800040c        0xc ./stm32haldev/system/STM32F4xx_HAL_Driver/Src/stm32f4xx_hal.o
                0x000000000800040c                HAL_GetTick
 .text.HAL_Delay
                0x0000000008000418       0x1a ./stm32haldev/system/STM32F4xx_HAL_Driver/Src/stm32f4xx_hal.o
                0x0000000008000418                HAL_Delay
 *fill*         0x0000000008000432        0x2 
 .text.HAL_ADC_Init
                0x0000000008000434      0x138 ./stm32haldev/system/STM32F4xx_HAL_Driver/Src/stm32f4xx_hal_adc.o
                0x0000000008000434                HAL_ADC_Init
 .text.HAL_ADC_Start_DMA
                0x000000000800056c       0xa8 ./stm32haldev/system/STM32F4xx_HAL_Driver/Src/stm32f4xx_hal_adc.o
                0x000000000800056c                HAL_ADC_Start_DMA
 .text.HAL_ADC_Stop_DMA
                0x0000000008000614       0x2e ./stm32haldev/system/STM32F4xx_HAL_Driver/Src/stm32f4xx_hal_adc.o
                0x0000000008000614                HAL_ADC_Stop_DMA
 .text.ADC_DMAConvCplt
                0x0000000008000642       0x1a ./stm32haldev/system/STM32F4xx_HAL_Driver/Src/stm32f4xx_hal_adc.o
 .text.HAL_ADC_ConvHalfCpltCallback
                0x000000000800065c        0x2 ./stm32haldev/system/STM32F4xx_HAL_Driver/Src/stm32f4xx_hal_adc.o
                0x000000000800065c                HAL_ADC_ConvHalfCpltCallback
 .text.ADC_DMAHalfConvCplt
                0x000000000800065e        0xa ./stm32haldev/system/STM32F4xx_HAL_Driver/Src/stm32f4xx_hal_adc.o
 .text.HAL_ADC_ErrorCallback
                0x0000000008000668        0x2 ./stm32haldev/system/STM32F4xx_HAL_Driver/Src/stm32f4xx_hal_adc.o
                0x0000000008000668                HAL_ADC_ErrorCallback
 .text.ADC_DMAError
                0x000000000800066a       0x18 ./stm32haldev/system/STM32F4xx_HAL_Driver/Src/stm32f4xx_hal_adc.o
 *fill*         0x0000000008000682        0x2 
 .text.HAL_ADC_ConfigChannel
                0x0000000008000684      0x128 ./stm32haldev/system/STM32F4xx_HAL_Driver/Src/stm32f4xx_hal_adc.o
                0x0000000008000684                HAL_ADC_ConfigChannel
 .text.HAL_NVIC_SetPriorityGrouping
                0x00000000080007ac       0x24 ./stm32haldev/system/STM32F4xx_HAL_Driver/Src/stm32f4xx_hal_cortex.o
                0x00000000080007ac                HAL_NVIC_SetPriorityGrouping
 .text.HAL_NVIC_SetPriority
                0x00000000080007d0       0x60 ./stm32haldev/system/STM32F4xx_HAL_Driver/Src/stm32f4xx_hal_cortex.o
                0x00000000080007d0                HAL_NVIC_SetPriority
 .text.HAL_NVIC_EnableIRQ
                0x0000000008000830       0x18 ./stm32haldev/system/STM32F4xx_HAL_Driver/Src/stm32f4xx_hal_cortex.o
                0x0000000008000830                HAL_NVIC_EnableIRQ
 .text.HAL_SYSTICK_Config
                0x0000000008000848       0x2c ./stm32haldev/system/STM32F4xx_HAL_Driver/Src/stm32f4xx_hal_cortex.o
                0x0000000008000848                HAL_SYSTICK_Config
 .text.HAL_DAC_Init
                0x0000000008000874       0x26 ./stm32haldev/system/STM32F4xx_HAL_Driver/Src/stm32f4xx_hal_dac.o
                0x0000000008000874                HAL_DAC_Init
 .text.HAL_DAC_Start
                0x000000000800089a       0x5c ./stm32haldev/system/STM32F4xx_HAL_Driver/Src/stm32f4xx_hal_dac.o
                0x000000000800089a                HAL_DAC_Start
 .text.HAL_DAC_ConfigChannel
                0x00000000080008f6       0x3e ./stm32haldev/system/STM32F4xx_HAL_Driver/Src/stm32f4xx_hal_dac.o
                0x00000000080008f6                HAL_DAC_ConfigChannel
 .text.HAL_DAC_SetValue
                0x0000000008000934       0x24 ./stm32haldev/system/STM32F4xx_HAL_Driver/Src/stm32f4xx_hal_dac.o
                0x0000000008000934                HAL_DAC_SetValue
 .text.HAL_DMA_Init
                0x0000000008000958       0x70 ./stm32haldev/system/STM32F4xx_HAL_Driver/Src/stm32f4xx_hal_dma.o
                0x0000000008000958                HAL_DMA_Init
 .text.HAL_DMA_Start_IT
                0x00000000080009c8       0x72 ./stm32haldev/system/STM32F4xx_HAL_Driver/Src/stm32f4xx_hal_dma.o
                0x00000000080009c8                HAL_DMA_Start_IT
 .text.HAL_DMA_Abort
                0x0000000008000a3a       0x4c ./stm32haldev/system/STM32F4xx_HAL_Driver/Src/stm32f4xx_hal_dma.o
                0x0000000008000a3a                HAL_DMA_Abort
 *fill*         0x0000000008000a86        0x2 
 .text.HAL_DMA_IRQHandler
                0x0000000008000a88      0xa18 ./stm32haldev/system/STM32F4xx_HAL_Driver/Src/stm32f4xx_hal_dma.o
                0x0000000008000a88                HAL_DMA_IRQHandler
 .text.HAL_GPIO_Init
                0x00000000080014a0      0x1d4 ./stm32haldev/system/STM32F4xx_HAL_Driver/Src/stm32f4xx_hal_gpio.o
                0x00000000080014a0                HAL_GPIO_Init
 .text.HAL_GPIO_WritePin
                0x0000000008001674        0x8 ./stm32haldev/system/STM32F4xx_HAL_Driver/Src/stm32f4xx_hal_gpio.o
                0x0000000008001674                HAL_GPIO_WritePin
 .text.HAL_GPIO_EXTI_IRQHandler
                0x000000000800167c       0x18 ./stm32haldev/system/STM32F4xx_HAL_Driver/Src/stm32f4xx_hal_gpio.o
                0x000000000800167c                HAL_GPIO_EXTI_IRQHandler
 .text.HAL_MspInit
                0x0000000008001694        0x2 ./stm32haldev/system/STM32F4xx_HAL_Driver/Src/stm32f4xx_hal_msp_template.o
                0x0000000008001694                HAL_MspInit
 .text.HAL_PCD_Init
                0x0000000008001696       0xd6 ./stm32haldev/system/STM32F4xx_HAL_Driver/Src/stm32f4xx_hal_pcd.o
                0x0000000008001696                HAL_PCD_Init
 .text.HAL_PCD_Start
                0x000000000800176c       0x2a ./stm32haldev/system/STM32F4xx_HAL_Driver/Src/stm32f4xx_hal_pcd.o
                0x000000000800176c                HAL_PCD_Start
 .text.HAL_PCD_IRQHandler
                0x0000000008001796      0x472 ./stm32haldev/system/STM32F4xx_HAL_Driver/Src/stm32f4xx_hal_pcd.o
                0x0000000008001796                HAL_PCD_IRQHandler
 .text.HAL_PCD_SetAddress
                0x0000000008001c08       0x24 ./stm32haldev/system/STM32F4xx_HAL_Driver/Src/stm32f4xx_hal_pcd.o
                0x0000000008001c08                HAL_PCD_SetAddress
 .text.HAL_PCD_EP_Open
                0x0000000008001c2c       0x5a ./stm32haldev/system/STM32F4xx_HAL_Driver/Src/stm32f4xx_hal_pcd.o
                0x0000000008001c2c                HAL_PCD_EP_Open
 .text.HAL_PCD_EP_Close
                0x0000000008001c86       0x48 ./stm32haldev/system/STM32F4xx_HAL_Driver/Src/stm32f4xx_hal_pcd.o
                0x0000000008001c86                HAL_PCD_EP_Close
 .text.HAL_PCD_EP_Receive
                0x0000000008001cce       0x62 ./stm32haldev/system/STM32F4xx_HAL_Driver/Src/stm32f4xx_hal_pcd.o
                0x0000000008001cce                HAL_PCD_EP_Receive
 .text.HAL_PCD_EP_GetRxCount
                0x0000000008001d30       0x10 ./stm32haldev/system/STM32F4xx_HAL_Driver/Src/stm32f4xx_hal_pcd.o
                0x0000000008001d30                HAL_PCD_EP_GetRxCount
 .text.HAL_PCD_EP_Transmit
                0x0000000008001d40       0x5e ./stm32haldev/system/STM32F4xx_HAL_Driver/Src/stm32f4xx_hal_pcd.o
                0x0000000008001d40                HAL_PCD_EP_Transmit
 .text.HAL_PCD_EP_SetStall
                0x0000000008001d9e       0x5a ./stm32haldev/system/STM32F4xx_HAL_Driver/Src/stm32f4xx_hal_pcd.o
                0x0000000008001d9e                HAL_PCD_EP_SetStall
 .text.HAL_PCD_EP_ClrStall
                0x0000000008001df8       0x4c ./stm32haldev/system/STM32F4xx_HAL_Driver/Src/stm32f4xx_hal_pcd.o
                0x0000000008001df8                HAL_PCD_EP_ClrStall
 .text.HAL_PCDEx_SetTxFiFo
                0x0000000008001e44       0x42 ./stm32haldev/system/STM32F4xx_HAL_Driver/Src/stm32f4xx_hal_pcd_ex.o
                0x0000000008001e44                HAL_PCDEx_SetTxFiFo
 .text.HAL_PCDEx_SetRxFiFo
                0x0000000008001e86        0x8 ./stm32haldev/system/STM32F4xx_HAL_Driver/Src/stm32f4xx_hal_pcd_ex.o
                0x0000000008001e86                HAL_PCDEx_SetRxFiFo
 *fill*         0x0000000008001e8e        0x2 
 .text.HAL_RCC_OscConfig
                0x0000000008001e90      0x310 ./stm32haldev/system/STM32F4xx_HAL_Driver/Src/stm32f4xx_hal_rcc.o
                0x0000000008001e90                HAL_RCC_OscConfig
 .text.HAL_RCC_ClockConfig
                0x00000000080021a0      0x208 ./stm32haldev/system/STM32F4xx_HAL_Driver/Src/stm32f4xx_hal_rcc.o
                0x00000000080021a0                HAL_RCC_ClockConfig
 .text.HAL_RCC_GetSysClockFreq
                0x00000000080023a8       0x80 ./stm32haldev/system/STM32F4xx_HAL_Driver/Src/stm32f4xx_hal_rcc.o
                0x00000000080023a8                HAL_RCC_GetSysClockFreq
 .text.HAL_RCC_GetHCLKFreq
                0x0000000008002428       0x34 ./stm32haldev/system/STM32F4xx_HAL_Driver/Src/stm32f4xx_hal_rcc.o
                0x0000000008002428                HAL_RCC_GetHCLKFreq
 .text.HAL_RCC_GetPCLK1Freq
                0x000000000800245c       0x2c ./stm32haldev/system/STM32F4xx_HAL_Driver/Src/stm32f4xx_hal_rcc.o
                0x000000000800245c                HAL_RCC_GetPCLK1Freq
 .text.HAL_RCC_GetPCLK2Freq
                0x0000000008002488       0x2c ./stm32haldev/system/STM32F4xx_HAL_Driver/Src/stm32f4xx_hal_rcc.o
                0x0000000008002488                HAL_RCC_GetPCLK2Freq
 .text.HAL_RCCEx_PeriphCLKConfig
                0x00000000080024b4      0x2b4 ./stm32haldev/system/STM32F4xx_HAL_Driver/Src/stm32f4xx_hal_rcc_ex.o
                0x00000000080024b4                HAL_RCCEx_PeriphCLKConfig
 .text.HAL_RTC_WaitForSynchro
                0x0000000008002768       0x30 ./stm32haldev/system/STM32F4xx_HAL_Driver/Src/stm32f4xx_hal_rtc.o
                0x0000000008002768                HAL_RTC_WaitForSynchro
 .text.RTC_EnterInitMode
                0x0000000008002798       0x34 ./stm32haldev/system/STM32F4xx_HAL_Driver/Src/stm32f4xx_hal_rtc.o
                0x0000000008002798                RTC_EnterInitMode
 .text.HAL_RTC_Init
                0x00000000080027cc       0x88 ./stm32haldev/system/STM32F4xx_HAL_Driver/Src/stm32f4xx_hal_rtc.o
                0x00000000080027cc                HAL_RTC_Init
 .text.RTC_ByteToBcd2
                0x0000000008002854       0x16 ./stm32haldev/system/STM32F4xx_HAL_Driver/Src/stm32f4xx_hal_rtc.o
                0x0000000008002854                RTC_ByteToBcd2
 .text.HAL_RTC_SetTime
                0x000000000800286a       0xe6 ./stm32haldev/system/STM32F4xx_HAL_Driver/Src/stm32f4xx_hal_rtc.o
                0x000000000800286a                HAL_RTC_SetTime
 .text.HAL_RTC_SetDate
                0x0000000008002950       0xca ./stm32haldev/system/STM32F4xx_HAL_Driver/Src/stm32f4xx_hal_rtc.o
                0x0000000008002950                HAL_RTC_SetDate
 .text.RTC_Bcd2ToByte
                0x0000000008002a1a       0x12 ./stm32haldev/system/STM32F4xx_HAL_Driver/Src/stm32f4xx_hal_rtc.o
                0x0000000008002a1a                RTC_Bcd2ToByte
 .text.HAL_RTC_GetTime
                0x0000000008002a2c       0x4a ./stm32haldev/system/STM32F4xx_HAL_Driver/Src/stm32f4xx_hal_rtc.o
                0x0000000008002a2c                HAL_RTC_GetTime
 .text.HAL_RTC_GetDate
                0x0000000008002a76       0x3c ./stm32haldev/system/STM32F4xx_HAL_Driver/Src/stm32f4xx_hal_rtc.o
                0x0000000008002a76                HAL_RTC_GetDate
 .text.HAL_RTCEx_BKUPWrite
                0x0000000008002ab2        0xa ./stm32haldev/system/STM32F4xx_HAL_Driver/Src/stm32f4xx_hal_rtc_ex.o
                0x0000000008002ab2                HAL_RTCEx_BKUPWrite
 .text.HAL_RTCEx_BKUPRead
                0x0000000008002abc        0xa ./stm32haldev/system/STM32F4xx_HAL_Driver/Src/stm32f4xx_hal_rtc_ex.o
                0x0000000008002abc                HAL_RTCEx_BKUPRead
 *fill*         0x0000000008002ac6        0x2 
 .text.UART_SetConfig
                0x0000000008002ac8      0x148 ./stm32haldev/system/STM32F4xx_HAL_Driver/Src/stm32f4xx_hal_uart.o
 .text.UART_WaitOnFlagUntilTimeout.constprop.0
                0x0000000008002c10       0x60 ./stm32haldev/system/STM32F4xx_HAL_Driver/Src/stm32f4xx_hal_uart.o
 .text.HAL_UART_Init
                0x0000000008002c70       0x58 ./stm32haldev/system/STM32F4xx_HAL_Driver/Src/stm32f4xx_hal_uart.o
                0x0000000008002c70                HAL_UART_Init
 .text.HAL_UART_Transmit
                0x0000000008002cc8       0xb8 ./stm32haldev/system/STM32F4xx_HAL_Driver/Src/stm32f4xx_hal_uart.o
                0x0000000008002cc8                HAL_UART_Transmit
 .text.HAL_UART_TxCpltCallback
                0x0000000008002d80        0x2 ./stm32haldev/system/STM32F4xx_HAL_Driver/Src/stm32f4xx_hal_uart.o
                0x0000000008002d80                HAL_UART_TxCpltCallback
 .text.HAL_UART_RxCpltCallback
                0x0000000008002d82        0x2 ./stm32haldev/system/STM32F4xx_HAL_Driver/Src/stm32f4xx_hal_uart.o
                0x0000000008002d82                HAL_UART_RxCpltCallback
 .text.HAL_UART_ErrorCallback
                0x0000000008002d84        0x2 ./stm32haldev/system/STM32F4xx_HAL_Driver/Src/stm32f4xx_hal_uart.o
                0x0000000008002d84                HAL_UART_ErrorCallback
 .text.HAL_UART_IRQHandler
                0x0000000008002d86      0x1b8 ./stm32haldev/system/STM32F4xx_HAL_Driver/Src/stm32f4xx_hal_uart.o
                0x0000000008002d86                HAL_UART_IRQHandler
 *fill*         0x0000000008002f3e        0x2 
 .text.USB_CoreReset
                0x0000000008002f40       0x30 ./stm32haldev/system/STM32F4xx_HAL_Driver/Src/stm32f4xx_ll_usb.o
 .text.USB_CoreInit
                0x0000000008002f70       0x76 ./stm32haldev/system/STM32F4xx_HAL_Driver/Src/stm32f4xx_ll_usb.o
                0x0000000008002f70                USB_CoreInit
 .text.USB_EnableGlobalInt
                0x0000000008002fe6        0xc ./stm32haldev/system/STM32F4xx_HAL_Driver/Src/stm32f4xx_ll_usb.o
                0x0000000008002fe6                USB_EnableGlobalInt
 .text.USB_DisableGlobalInt
                0x0000000008002ff2        0xc ./stm32haldev/system/STM32F4xx_HAL_Driver/Src/stm32f4xx_ll_usb.o
                0x0000000008002ff2                USB_DisableGlobalInt
 .text.USB_SetCurrentMode
                0x0000000008002ffe       0x2c ./stm32haldev/system/STM32F4xx_HAL_Driver/Src/stm32f4xx_ll_usb.o
                0x0000000008002ffe                USB_SetCurrentMode
 *fill*         0x000000000800302a        0x2 
 .text.USB_FlushTxFifo
                0x000000000800302c       0x24 ./stm32haldev/system/STM32F4xx_HAL_Driver/Src/stm32f4xx_ll_usb.o
                0x000000000800302c                USB_FlushTxFifo
 .text.USB_FlushRxFifo
                0x0000000008003050       0x20 ./stm32haldev/system/STM32F4xx_HAL_Driver/Src/stm32f4xx_ll_usb.o
                0x0000000008003050                USB_FlushRxFifo
 .text.USB_SetDevSpeed
                0x0000000008003070        0xe ./stm32haldev/system/STM32F4xx_HAL_Driver/Src/stm32f4xx_ll_usb.o
                0x0000000008003070                USB_SetDevSpeed
 *fill*         0x000000000800307e        0x2 
 .text.USB_DevInit
                0x0000000008003080      0x12c ./stm32haldev/system/STM32F4xx_HAL_Driver/Src/stm32f4xx_ll_usb.o
                0x0000000008003080                USB_DevInit
 .text.USB_GetDevSpeed
                0x00000000080031ac       0x36 ./stm32haldev/system/STM32F4xx_HAL_Driver/Src/stm32f4xx_ll_usb.o
                0x00000000080031ac                USB_GetDevSpeed
 .text.USB_ActivateEndpoint
                0x00000000080031e2       0x82 ./stm32haldev/system/STM32F4xx_HAL_Driver/Src/stm32f4xx_ll_usb.o
                0x00000000080031e2                USB_ActivateEndpoint
 .text.USB_DeactivateEndpoint
                0x0000000008003264       0x6e ./stm32haldev/system/STM32F4xx_HAL_Driver/Src/stm32f4xx_ll_usb.o
                0x0000000008003264                USB_DeactivateEndpoint
 .text.USB_EP0StartXfer
                0x00000000080032d2      0x150 ./stm32haldev/system/STM32F4xx_HAL_Driver/Src/stm32f4xx_ll_usb.o
                0x00000000080032d2                USB_EP0StartXfer
 .text.USB_WritePacket
                0x0000000008003422       0x26 ./stm32haldev/system/STM32F4xx_HAL_Driver/Src/stm32f4xx_ll_usb.o
                0x0000000008003422                USB_WritePacket
 .text.USB_EPStartXfer
                0x0000000008003448      0x238 ./stm32haldev/system/STM32F4xx_HAL_Driver/Src/stm32f4xx_ll_usb.o
                0x0000000008003448                USB_EPStartXfer
 .text.USB_ReadPacket
                0x0000000008003680       0x20 ./stm32haldev/system/STM32F4xx_HAL_Driver/Src/stm32f4xx_ll_usb.o
                0x0000000008003680                USB_ReadPacket
 .text.USB_EPSetStall
                0x00000000080036a0       0x64 ./stm32haldev/system/STM32F4xx_HAL_Driver/Src/stm32f4xx_ll_usb.o
                0x00000000080036a0                USB_EPSetStall
 .text.USB_EPClearStall
                0x0000000008003704       0x3e ./stm32haldev/system/STM32F4xx_HAL_Driver/Src/stm32f4xx_ll_usb.o
                0x0000000008003704                USB_EPClearStall
 .text.USB_SetDevAddress
                0x0000000008003742       0x20 ./stm32haldev/system/STM32F4xx_HAL_Driver/Src/stm32f4xx_ll_usb.o
                0x0000000008003742                USB_SetDevAddress
 .text.USB_DevConnect
                0x0000000008003762       0x18 ./stm32haldev/system/STM32F4xx_HAL_Driver/Src/stm32f4xx_ll_usb.o
                0x0000000008003762                USB_DevConnect
 .text.USB_DevDisconnect
                0x000000000800377a       0x18 ./stm32haldev/system/STM32F4xx_HAL_Driver/Src/stm32f4xx_ll_usb.o
                0x000000000800377a                USB_DevDisconnect
 .text.USB_ReadInterrupts
                0x0000000008003792        0x8 ./stm32haldev/system/STM32F4xx_HAL_Driver/Src/stm32f4xx_ll_usb.o
                0x0000000008003792                USB_ReadInterrupts
 .text.USB_ReadDevAllOutEpInterrupt
                0x000000000800379a       0x10 ./stm32haldev/system/STM32F4xx_HAL_Driver/Src/stm32f4xx_ll_usb.o
                0x000000000800379a                USB_ReadDevAllOutEpInterrupt
 .text.USB_ReadDevAllInEpInterrupt
                0x00000000080037aa       0x10 ./stm32haldev/system/STM32F4xx_HAL_Driver/Src/stm32f4xx_ll_usb.o
                0x00000000080037aa                USB_ReadDevAllInEpInterrupt
 .text.USB_ReadDevOutEPInterrupt
                0x00000000080037ba       0x12 ./stm32haldev/system/STM32F4xx_HAL_Driver/Src/stm32f4xx_ll_usb.o
                0x00000000080037ba                USB_ReadDevOutEPInterrupt
 .text.USB_ReadDevInEPInterrupt
                0x00000000080037cc       0x1e ./stm32haldev/system/STM32F4xx_HAL_Driver/Src/stm32f4xx_ll_usb.o
                0x00000000080037cc                USB_ReadDevInEPInterrupt
 .text.USB_GetMode
                0x00000000080037ea        0x8 ./stm32haldev/system/STM32F4xx_HAL_Driver/Src/stm32f4xx_ll_usb.o
                0x00000000080037ea                USB_GetMode
 .text.USB_ActivateSetup
                0x00000000080037f2       0x36 ./stm32haldev/system/STM32F4xx_HAL_Driver/Src/stm32f4xx_ll_usb.o
                0x00000000080037f2                USB_ActivateSetup
 .text.USB_EP0_OutStart
                0x0000000008003828       0x46 ./stm32haldev/system/STM32F4xx_HAL_Driver/Src/stm32f4xx_ll_usb.o
                0x0000000008003828                USB_EP0_OutStart
 *fill*         0x000000000800386e        0x2 
 .text.SystemInit
                0x0000000008003870       0x40 ./stm32haldev/system/CMSIS/Device/ST/STM32F4xx/Source/system/system_stm32f4xx.o
                0x0000000008003870                SystemInit
 .text.SystemCoreClockUpdate
                0x00000000080038b0       0x74 ./stm32haldev/system/CMSIS/Device/ST/STM32F4xx/Source/system/system_stm32f4xx.o
                0x00000000080038b0                SystemCoreClockUpdate
 .text.Default_Handler
                0x0000000008003924        0x2 ./stm32haldev/system/CMSIS/Device/ST/STM32F4xx/Source/stm32f429/startup_stm32f429xx.o
                0x0000000008003924                DMA1_Stream3_IRQHandler
                0x0000000008003924                HASH_RNG_IRQHandler
                0x0000000008003924                EXTI2_IRQHandler
                0x0000000008003924                TIM8_CC_IRQHandler
                0x0000000008003924                UART8_IRQHandler
                0x0000000008003924                SPI4_IRQHandler
                0x0000000008003924                TIM1_CC_IRQHandler
                0x0000000008003924                DMA2_Stream5_IRQHandler
                0x0000000008003924                DMA1_Stream5_IRQHandler
                0x0000000008003924                PVD_IRQHandler
                0x0000000008003924                SDIO_IRQHandler
                0x0000000008003924                TAMP_STAMP_IRQHandler
                0x0000000008003924                CAN2_RX1_IRQHandler
                0x0000000008003924                EXTI3_IRQHandler
                0x0000000008003924                TIM8_TRG_COM_TIM14_IRQHandler
                0x0000000008003924                TIM1_UP_TIM10_IRQHandler
                0x0000000008003924                TIM8_UP_TIM13_IRQHandler
                0x0000000008003924                I2C3_ER_IRQHandler
                0x0000000008003924                I2C2_EV_IRQHandler
                0x0000000008003924                DMA1_Stream2_IRQHandler
                0x0000000008003924                CAN1_RX0_IRQHandler
                0x0000000008003924                FPU_IRQHandler
                0x0000000008003924                OTG_HS_WKUP_IRQHandler
                0x0000000008003924                LTDC_ER_IRQHandler
                0x0000000008003924                CAN2_SCE_IRQHandler
                0x0000000008003924                DMA2_Stream2_IRQHandler
                0x0000000008003924                SPI1_IRQHandler
                0x0000000008003924                TIM6_DAC_IRQHandler
                0x0000000008003924                TIM1_BRK_TIM9_IRQHandler
                0x0000000008003924                DCMI_IRQHandler
                0x0000000008003924                CAN2_RX0_IRQHandler
                0x0000000008003924                DMA2_Stream3_IRQHandler
                0x0000000008003924                USART6_IRQHandler
                0x0000000008003924                USART3_IRQHandler
                0x0000000008003924                CAN1_RX1_IRQHandler
                0x0000000008003924                UART5_IRQHandler
                0x0000000008003924                TIM4_IRQHandler
                0x0000000008003924                I2C1_EV_IRQHandler
                0x0000000008003924                DMA1_Stream6_IRQHandler
                0x0000000008003924                DMA1_Stream1_IRQHandler
                0x0000000008003924                UART4_IRQHandler
                0x0000000008003924                TIM3_IRQHandler
                0x0000000008003924                RCC_IRQHandler
                0x0000000008003924                TIM8_BRK_TIM12_IRQHandler
                0x0000000008003924                Default_Handler
                0x0000000008003924                EXTI15_10_IRQHandler
                0x0000000008003924                ADC_IRQHandler
                0x0000000008003924                DMA1_Stream7_IRQHandler
                0x0000000008003924                SPI5_IRQHandler
                0x0000000008003924                TIM7_IRQHandler
                0x0000000008003924                CAN2_TX_IRQHandler
                0x0000000008003924                TIM5_IRQHandler
                0x0000000008003924                I2C3_EV_IRQHandler
                0x0000000008003924                EXTI9_5_IRQHandler
                0x0000000008003924                RTC_WKUP_IRQHandler
                0x0000000008003924                LTDC_IRQHandler
                0x0000000008003924                ETH_WKUP_IRQHandler
                0x0000000008003924                SPI2_IRQHandler
                0x0000000008003924                OTG_HS_EP1_IN_IRQHandler
                0x0000000008003924                DMA1_Stream0_IRQHandler
                0x0000000008003924                CAN1_TX_IRQHandler
                0x0000000008003924                EXTI4_IRQHandler
                0x0000000008003924                ETH_IRQHandler
                0x0000000008003924                OTG_HS_EP1_OUT_IRQHandler
                0x0000000008003924                WWDG_IRQHandler
                0x0000000008003924                SPI6_IRQHandler
                0x0000000008003924                TIM2_IRQHandler
                0x0000000008003924                OTG_FS_WKUP_IRQHandler
                0x0000000008003924                TIM1_TRG_COM_TIM11_IRQHandler
                0x0000000008003924                DMA2D_IRQHandler
                0x0000000008003924                EXTI1_IRQHandler
                0x0000000008003924                UART7_IRQHandler
                0x0000000008003924                USART2_IRQHandler
                0x0000000008003924                I2C2_ER_IRQHandler
                0x0000000008003924                DMA2_Stream1_IRQHandler
                0x0000000008003924                CAN1_SCE_IRQHandler
                0x0000000008003924                FLASH_IRQHandler
                0x0000000008003924                DMA2_Stream4_IRQHandler
                0x0000000008003924                OTG_FS_IRQHandler
                0x0000000008003924                SPI3_IRQHandler
                0x0000000008003924                DMA1_Stream4_IRQHandler
                0x0000000008003924                I2C1_ER_IRQHandler
                0x0000000008003924                FMC_IRQHandler
                0x0000000008003924                DMA2_Stream6_IRQHandler
                0x0000000008003924                SAI1_IRQHandler
                0x0000000008003924                RTC_Alarm_IRQHandler
 .text.stm32dev_gpio_setPinMode
                0x0000000008003926       0x6c ./stm32haldev/stm32dev/src/stm32f4/stm32dev_gpio_f4.o
                0x0000000008003926                stm32dev_gpio_setPinMode
 .text.stm32dev_gpio_setPinPullup
                0x0000000008003992       0x2c ./stm32haldev/stm32dev/src/stm32f4/stm32dev_gpio_f4.o
                0x0000000008003992                stm32dev_gpio_setPinPullup
 .text.stm32dev_gpio_setPinSpeed
                0x00000000080039be       0x1a ./stm32haldev/stm32dev/src/stm32f4/stm32dev_gpio_f4.o
                0x00000000080039be                stm32dev_gpio_setPinSpeed
 .text.stm32dev_gpio_initPinOutputPP
                0x00000000080039d8       0x2e ./stm32haldev/stm32dev/src/stm32f4/stm32dev_gpio_f4.o
                0x00000000080039d8                stm32dev_gpio_initPinOutputPP
 .text.stm32dev_gpio_clearPinMode
                0x0000000008003a06       0x1c ./stm32haldev/stm32dev/src/stm32f4/stm32dev_gpio_f4.o
                0x0000000008003a06                stm32dev_gpio_clearPinMode
 .text.stm32dev_gpio_clearPinPullup
                0x0000000008003a22       0x10 ./stm32haldev/stm32dev/src/stm32f4/stm32dev_gpio_f4.o
                0x0000000008003a22                stm32dev_gpio_clearPinPullup
 .text.stm32dev_gpio_clearPinSpeed
                0x0000000008003a32       0x10 ./stm32haldev/stm32dev/src/stm32f4/stm32dev_gpio_f4.o
                0x0000000008003a32                stm32dev_gpio_clearPinSpeed
 .text.stm32dev_gpio_clearPinAlternate
                0x0000000008003a42       0x2a ./stm32haldev/stm32dev/src/stm32f4/stm32dev_gpio_f4.o
                0x0000000008003a42                stm32dev_gpio_clearPinAlternate
 .text.stm32dev_gpio_deinitPin
                0x0000000008003a6c       0x26 ./stm32haldev/stm32dev/src/stm32f4/stm32dev_gpio_f4.o
                0x0000000008003a6c                stm32dev_gpio_deinitPin
 .text.stm32dev_gpio_setPinState
                0x0000000008003a92       0x18 ./stm32haldev/stm32dev/src/stm32f4/stm32dev_gpio_f4.o
                0x0000000008003a92                stm32dev_gpio_setPinState
 *fill*         0x0000000008003aaa        0x2 
 .text.stm32dev_rcc_enableClock
                0x0000000008003aac       0xe4 ./stm32haldev/stm32dev/src/stm32f4/stm32dev_rcc_f4.o
                0x0000000008003aac                stm32dev_rcc_enableClock
 .text.stm32dev_rcc_disableClock
                0x0000000008003b90       0xe4 ./stm32haldev/stm32dev/src/stm32f4/stm32dev_rcc_f4.o
                0x0000000008003b90                stm32dev_rcc_disableClock
 .text.stm32dev_rcc_setClock
                0x0000000008003c74        0xa ./stm32haldev/stm32dev/src/stm32f4/stm32dev_rcc_f4.o
                0x0000000008003c74                stm32dev_rcc_setClock
 *fill*         0x0000000008003c7e        0x2 
 .text.ad9834_setBufferFrequency.part.0
                0x0000000008003c80       0x30 ./stm32haldev/stm32dev/src/general/stm32dev_dds_AD9834.o
 .text.ad9834_initPin_data
                0x0000000008003cb0       0x2c ./stm32haldev/stm32dev/src/general/stm32dev_dds_AD9834.o
                0x0000000008003cb0                ad9834_initPin_data
 .text.ad9834_initPin_clock
                0x0000000008003cdc       0x2c ./stm32haldev/stm32dev/src/general/stm32dev_dds_AD9834.o
                0x0000000008003cdc                ad9834_initPin_clock
 .text.ad9834_initPin_ss
                0x0000000008003d08       0x2c ./stm32haldev/stm32dev/src/general/stm32dev_dds_AD9834.o
                0x0000000008003d08                ad9834_initPin_ss
 .text.ad9834_deinitPin_data
                0x0000000008003d34       0x28 ./stm32haldev/stm32dev/src/general/stm32dev_dds_AD9834.o
                0x0000000008003d34                ad9834_deinitPin_data
 .text.ad9834_deinitPin_clock
                0x0000000008003d5c       0x28 ./stm32haldev/stm32dev/src/general/stm32dev_dds_AD9834.o
                0x0000000008003d5c                ad9834_deinitPin_clock
 .text.ad9834_deinitPin_ss
                0x0000000008003d84       0x28 ./stm32haldev/stm32dev/src/general/stm32dev_dds_AD9834.o
                0x0000000008003d84                ad9834_deinitPin_ss
 .text.ad9834_deinitialize
                0x0000000008003dac       0x1c ./stm32haldev/stm32dev/src/general/stm32dev_dds_AD9834.o
                0x0000000008003dac                ad9834_deinitialize
 .text.ad9834_sendData
                0x0000000008003dc8       0x90 ./stm32haldev/stm32dev/src/general/stm32dev_dds_AD9834.o
                0x0000000008003dc8                ad9834_sendData
 .text.ad9834_sendBuffer
                0x0000000008003e58       0x2c ./stm32haldev/stm32dev/src/general/stm32dev_dds_AD9834.o
                0x0000000008003e58                ad9834_sendBuffer
 .text.ad9834_sendControlRegister
                0x0000000008003e84       0x20 ./stm32haldev/stm32dev/src/general/stm32dev_dds_AD9834.o
                0x0000000008003e84                ad9834_sendControlRegister
 .text.ad9834_sendFrequency
                0x0000000008003ea4       0x58 ./stm32haldev/stm32dev/src/general/stm32dev_dds_AD9834.o
                0x0000000008003ea4                ad9834_sendFrequency
 .text.ad9834_sendPhase
                0x0000000008003efc       0x8c ./stm32haldev/stm32dev/src/general/stm32dev_dds_AD9834.o
                0x0000000008003efc                ad9834_sendPhase
 .text.ad9834_initialize
                0x0000000008003f88       0x5c ./stm32haldev/stm32dev/src/general/stm32dev_dds_AD9834.o
                0x0000000008003f88                ad9834_initialize
 .text.ad9834_setFrequency
                0x0000000008003fe4       0x20 ./stm32haldev/stm32dev/src/general/stm32dev_dds_AD9834.o
                0x0000000008003fe4                ad9834_setFrequency
 .text.stm32dev_general_getDec
                0x0000000008004004       0x40 ./stm32haldev/stm32dev/src/general/stm32dev_general.o
                0x0000000008004004                stm32dev_general_getDec
 .text.BSP_LED_Init
                0x0000000008004044       0xc0 ./stm32haldev/stm32dev/boards/f429disco.o
                0x0000000008004044                BSP_LED_Init
 .text.BSP_LED_On
                0x0000000008004104       0x1c ./stm32haldev/stm32dev/boards/f429disco.o
                0x0000000008004104                BSP_LED_On
 .text.BSP_LED_Off
                0x0000000008004120       0x1c ./stm32haldev/stm32dev/boards/f429disco.o
                0x0000000008004120                BSP_LED_Off
 .text.USBD_Init
                0x000000000800413c       0x2a ./src/usbcore/usbd_core.o
                0x000000000800413c                USBD_Init
 .text.USBD_RegisterClass
                0x0000000008004166        0xe ./src/usbcore/usbd_core.o
                0x0000000008004166                USBD_RegisterClass
 .text.USBD_Start
                0x0000000008004174        0xa ./src/usbcore/usbd_core.o
                0x0000000008004174                USBD_Start
 .text.USBD_SetClassConfig
                0x000000000800417e       0x16 ./src/usbcore/usbd_core.o
                0x000000000800417e                USBD_SetClassConfig
 .text.USBD_ClrClassConfig
                0x0000000008004194        0xe ./src/usbcore/usbd_core.o
                0x0000000008004194                USBD_ClrClassConfig
 .text.USBD_LL_SetupStage
                0x00000000080041a2       0x5a ./src/usbcore/usbd_core.o
                0x00000000080041a2                USBD_LL_SetupStage
 .text.USBD_LL_DataOutStage
                0x00000000080041fc       0x60 ./src/usbcore/usbd_core.o
                0x00000000080041fc                USBD_LL_DataOutStage
 .text.USBD_LL_DataInStage
                0x000000000800425c       0x9c ./src/usbcore/usbd_core.o
                0x000000000800425c                USBD_LL_DataInStage
 .text.USBD_LL_Reset
                0x00000000080042f8       0x3e ./src/usbcore/usbd_core.o
                0x00000000080042f8                USBD_LL_Reset
 .text.USBD_LL_SetSpeed
                0x0000000008004336        0x6 ./src/usbcore/usbd_core.o
                0x0000000008004336                USBD_LL_SetSpeed
 .text.USBD_LL_Suspend
                0x000000000800433c       0x12 ./src/usbcore/usbd_core.o
                0x000000000800433c                USBD_LL_Suspend
 .text.USBD_LL_Resume
                0x000000000800434e        0xc ./src/usbcore/usbd_core.o
                0x000000000800434e                USBD_LL_Resume
 .text.USBD_LL_SOF
                0x000000000800435a       0x18 ./src/usbcore/usbd_core.o
                0x000000000800435a                USBD_LL_SOF
 .text.USBD_LL_IsoINIncomplete
                0x0000000008004372        0x4 ./src/usbcore/usbd_core.o
                0x0000000008004372                USBD_LL_IsoINIncomplete
 .text.USBD_LL_IsoOUTIncomplete
                0x0000000008004376        0x4 ./src/usbcore/usbd_core.o
                0x0000000008004376                USBD_LL_IsoOUTIncomplete
 .text.USBD_LL_DevConnected
                0x000000000800437a        0x4 ./src/usbcore/usbd_core.o
                0x000000000800437a                USBD_LL_DevConnected
 .text.USBD_LL_DevDisconnected
                0x000000000800437e       0x16 ./src/usbcore/usbd_core.o
                0x000000000800437e                USBD_LL_DevDisconnected
 .text.USBD_ParseSetupRequest
                0x0000000008004394       0x28 ./src/usbcore/usbd_ctlreq.o
                0x0000000008004394                USBD_ParseSetupRequest
 .text.USBD_CtlError
                0x00000000080043bc       0x16 ./src/usbcore/usbd_ctlreq.o
                0x00000000080043bc                USBD_CtlError
 *fill*         0x00000000080043d2        0x2 
 .text.USBD_StdDevReq
                0x00000000080043d4      0x218 ./src/usbcore/usbd_ctlreq.o
                0x00000000080043d4                USBD_StdDevReq
 .text.USBD_StdItfReq
                0x00000000080045ec       0x30 ./src/usbcore/usbd_ctlreq.o
                0x00000000080045ec                USBD_StdItfReq
 .text.USBD_StdEPReq
                0x000000000800461c       0xc6 ./src/usbcore/usbd_ctlreq.o
                0x000000000800461c                USBD_StdEPReq
 .text.USBD_GetString
                0x00000000080046e2       0x3a ./src/usbcore/usbd_ctlreq.o
                0x00000000080046e2                USBD_GetString
 .text.USBD_CtlSendData
                0x000000000800471c       0x1c ./src/usbcore/usbd_ioreq.o
                0x000000000800471c                USBD_CtlSendData
 .text.USBD_CtlContinueSendData
                0x0000000008004738       0x12 ./src/usbcore/usbd_ioreq.o
                0x0000000008004738                USBD_CtlContinueSendData
 .text.USBD_CtlPrepareRx
                0x000000000800474a       0x20 ./src/usbcore/usbd_ioreq.o
                0x000000000800474a                USBD_CtlPrepareRx
 .text.USBD_CtlContinueRx
                0x000000000800476a       0x12 ./src/usbcore/usbd_ioreq.o
                0x000000000800476a                USBD_CtlContinueRx
 .text.USBD_CtlSendStatus
                0x000000000800477c       0x16 ./src/usbcore/usbd_ioreq.o
                0x000000000800477c                USBD_CtlSendStatus
 .text.USBD_CtlReceiveStatus
                0x0000000008004792       0x16 ./src/usbcore/usbd_ioreq.o
                0x0000000008004792                USBD_CtlReceiveStatus
 .text.USBD_CDC_DataIn
                0x00000000080047a8       0x12 ./src/cdc/usbd_cdc.o
 .text.USBD_CDC_EP0_RxReady
                0x00000000080047ba       0x28 ./src/cdc/usbd_cdc.o
 *fill*         0x00000000080047e2        0x2 
 .text.USBD_CDC_GetFSCfgDesc
                0x00000000080047e4        0xc ./src/cdc/usbd_cdc.o
 .text.USBD_CDC_GetHSCfgDesc
                0x00000000080047f0        0xc ./src/cdc/usbd_cdc.o
 .text.USBD_CDC_GetOtherSpeedCfgDesc
                0x00000000080047fc        0xc ./src/cdc/usbd_cdc.o
 .text.USBD_CDC_GetDeviceQualifierDescriptor
                0x0000000008004808        0xc ./src/cdc/usbd_cdc.o
                0x0000000008004808                USBD_CDC_GetDeviceQualifierDescriptor
 .text.USBD_CDC_DataOut
                0x0000000008004814       0x2e ./src/cdc/usbd_cdc.o
 *fill*         0x0000000008004842        0x2 
 .text.USBD_CDC_Setup
                0x0000000008004844       0x6c ./src/cdc/usbd_cdc.o
 .text.USBD_CDC_DeInit
                0x00000000080048b0       0x3a ./src/cdc/usbd_cdc.o
 .text.USBD_CDC_Init
                0x00000000080048ea       0x86 ./src/cdc/usbd_cdc.o
 .text.USBD_CDC_RegisterInterface
                0x0000000008004970        0xe ./src/cdc/usbd_cdc.o
                0x0000000008004970                USBD_CDC_RegisterInterface
 .text.USBD_CDC_SetTxBuffer
                0x000000000800497e       0x10 ./src/cdc/usbd_cdc.o
                0x000000000800497e                USBD_CDC_SetTxBuffer
 .text.USBD_CDC_SetRxBuffer
                0x000000000800498e        0xc ./src/cdc/usbd_cdc.o
                0x000000000800498e                USBD_CDC_SetRxBuffer
 .text.USBD_CDC_TransmitPacket
                0x000000000800499a       0x2e ./src/cdc/usbd_cdc.o
                0x000000000800499a                USBD_CDC_TransmitPacket
 .text.USBD_CDC_ReceivePacket
                0x00000000080049c8       0x26 ./src/cdc/usbd_cdc.o
                0x00000000080049c8                USBD_CDC_ReceivePacket
 *fill*         0x00000000080049ee        0x2 
 .text.application_endcommand
                0x00000000080049f0       0x38 ./src/application.o
 .text.application_sendUSBString
                0x0000000008004a28       0x14 ./src/application.o
                0x0000000008004a28                application_sendUSBString
 .text.application_initialize_ad9834
                0x0000000008004a3c       0x28 ./src/application.o
                0x0000000008004a3c                application_initialize_ad9834
 .text.application_deinitializeLowlevel
                0x0000000008004a64        0xa ./src/application.o
                0x0000000008004a64                application_deinitializeLowlevel
 *fill*         0x0000000008004a6e        0x2 
 .text.application_initializeLowlevel
                0x0000000008004a70       0x1c ./src/application.o
                0x0000000008004a70                application_initializeLowlevel
 .text.application_init
                0x0000000008004a8c        0xc ./src/application.o
                0x0000000008004a8c                application_init
 .text.application_setfrequency
                0x0000000008004a98       0x28 ./src/application.o
                0x0000000008004a98                application_setfrequency
 .text.application_getCommandType
                0x0000000008004ac0       0x1c ./src/application.o
                0x0000000008004ac0                application_getCommandType
 .text.application_getDecypher
                0x0000000008004adc       0x24 ./src/application.o
                0x0000000008004adc                application_getDecypher
 .text.application_selectRead
                0x0000000008004b00      0x13c ./src/application.o
                0x0000000008004b00                application_selectRead
 .text.application_selectWrite
                0x0000000008004c3c       0x5c ./src/application.o
                0x0000000008004c3c                application_selectWrite
 .text.application_storeRTCfromBuffer
                0x0000000008004c98       0x90 ./src/application.o
                0x0000000008004c98                application_storeRTCfromBuffer
 .text.application_setDAC
                0x0000000008004d28       0x6c ./src/application.o
                0x0000000008004d28                application_setDAC
 .text.application_postProcessingWrite
                0x0000000008004d94      0x158 ./src/application.o
                0x0000000008004d94                application_postProcessingWrite
 .text.application_postProcessing
                0x0000000008004eec       0x14 ./src/application.o
                0x0000000008004eec                application_postProcessing
 .text.application_getADC
                0x0000000008004f00       0x9c ./src/application.o
                0x0000000008004f00                application_getADC
 .text.application_stopADC
                0x0000000008004f9c       0x14 ./src/application.o
                0x0000000008004f9c                application_stopADC
 .text.application_selectData
                0x0000000008004fb0       0x44 ./src/application.o
                0x0000000008004fb0                application_selectData
 .text.application_selectFunction
                0x0000000008004ff4       0x10 ./src/application.o
                0x0000000008004ff4                application_selectFunction
 .text.application_selectSpecial
                0x0000000008005004       0x30 ./src/application.o
                0x0000000008005004                application_selectSpecial
 .text.application_selectCommand
                0x0000000008005034       0x6c ./src/application.o
                0x0000000008005034                application_selectCommand
 .text.application_scrapeUSB
                0x00000000080050a0       0x90 ./src/application.o
                0x00000000080050a0                application_scrapeUSB
 .text.application_getVoltageConversion
                0x0000000008005130       0x24 ./src/application.o
                0x0000000008005130                application_getVoltageConversion
 *fill*         0x0000000008005154        0x4 
 .text.application_getDBmValue
                0x0000000008005158       0xa8 ./src/application.o
                0x0000000008005158                application_getDBmValue
 .text.application_function_sampleAndSend
                0x0000000008005200      0x21c ./src/application.o
                0x0000000008005200                application_function_sampleAndSend
 .text.uart_transmit
                0x000000000800541c       0x24 ./src/main.o
                0x000000000800541c                uart_transmit
 .text.Error_Handler
                0x0000000008005440       0x10 ./src/main.o
 .text.RTC_CalendarConfig
                0x0000000008005450       0x64 ./src/main.o
 .text.uart_transmitDec
                0x00000000080054b4       0x10 ./src/main.o
                0x00000000080054b4                uart_transmitDec
 .text.startup.main
                0x00000000080054c4      0x334 ./src/main.o
                0x00000000080054c4                main
 .text.HAL_GPIO_EXTI_Callback
                0x00000000080057f8       0x18 ./src/main.o
                0x00000000080057f8                HAL_GPIO_EXTI_Callback
 .text.HAL_ADC_ConvCpltCallback
                0x0000000008005810       0x8c ./src/main.o
                0x0000000008005810                HAL_ADC_ConvCpltCallback
 .text.HAL_UART_MspInit
                0x000000000800589c       0xe8 ./src/stm32f4xx_hal_msp.o
                0x000000000800589c                HAL_UART_MspInit
 .text.HAL_RTC_MspInit
                0x0000000008005984       0x34 ./src/stm32f4xx_hal_msp.o
                0x0000000008005984                HAL_RTC_MspInit
 .text.HAL_ADC_MspInit
                0x00000000080059b8       0xec ./src/stm32f4xx_hal_msp.o
                0x00000000080059b8                HAL_ADC_MspInit
 .text.HAL_DAC_MspInit
                0x0000000008005aa4       0x5c ./src/stm32f4xx_hal_msp.o
                0x0000000008005aa4                HAL_DAC_MspInit
 .text.NMI_Handler
                0x0000000008005b00        0x2 ./src/stm32f4xx_it.o
                0x0000000008005b00                NMI_Handler
 .text.HardFault_Handler
                0x0000000008005b02        0x2 ./src/stm32f4xx_it.o
                0x0000000008005b02                HardFault_Handler
 .text.MemManage_Handler
                0x0000000008005b04        0x2 ./src/stm32f4xx_it.o
                0x0000000008005b04                MemManage_Handler
 .text.BusFault_Handler
                0x0000000008005b06        0x2 ./src/stm32f4xx_it.o
                0x0000000008005b06                BusFault_Handler
 .text.UsageFault_Handler
                0x0000000008005b08        0x2 ./src/stm32f4xx_it.o
                0x0000000008005b08                UsageFault_Handler
 .text.SVC_Handler
                0x0000000008005b0a        0x2 ./src/stm32f4xx_it.o
                0x0000000008005b0a                SVC_Handler
 .text.DebugMon_Handler
                0x0000000008005b0c        0x2 ./src/stm32f4xx_it.o
                0x0000000008005b0c                DebugMon_Handler
 .text.PendSV_Handler
                0x0000000008005b0e        0x2 ./src/stm32f4xx_it.o
                0x0000000008005b0e                PendSV_Handler
 .text.SysTick_Handler
                0x0000000008005b10        0x4 ./src/stm32f4xx_it.o
                0x0000000008005b10                SysTick_Handler
 .text.EXTI0_IRQHandler
                0x0000000008005b14        0x6 ./src/stm32f4xx_it.o
                0x0000000008005b14                EXTI0_IRQHandler
 *fill*         0x0000000008005b1a        0x2 
 .text.OTG_HS_IRQHandler
                0x0000000008005b1c        0xc ./src/stm32f4xx_it.o
                0x0000000008005b1c                OTG_HS_IRQHandler
 .text.DMA2_Stream7_IRQHandler
                0x0000000008005b28        0xc ./src/stm32f4xx_it.o
                0x0000000008005b28                DMA2_Stream7_IRQHandler
 .text.USART1_IRQHandler
                0x0000000008005b34        0xc ./src/stm32f4xx_it.o
                0x0000000008005b34                USART1_IRQHandler
 .text.DMA2_Stream0_IRQHandler
                0x0000000008005b40        0xc ./src/stm32f4xx_it.o
                0x0000000008005b40                DMA2_Stream0_IRQHandler
 .text.CDC_Itf_DeInit
                0x0000000008005b4c        0x4 ./src/usbd_cdc_interface.o
 .text.CDC_Itf_Init
                0x0000000008005b50       0x28 ./src/usbd_cdc_interface.o
 .text.CDC_Itf_Receive
                0x0000000008005b78       0x18 ./src/usbd_cdc_interface.o
                0x0000000008005b78                CDC_Itf_Receive
 .text.CDC_Itf_Control
                0x0000000008005b90       0x2c ./src/usbd_cdc_interface.o
 .text.CDC_Itf_Send
                0x0000000008005bbc       0x20 ./src/usbd_cdc_interface.o
                0x0000000008005bbc                CDC_Itf_Send
 .text.HAL_PCD_MspInit
                0x0000000008005bdc      0x114 ./src/usbd_conf.o
                0x0000000008005bdc                HAL_PCD_MspInit
 .text.HAL_PCD_SetupStageCallback
                0x0000000008005cf0        0xe ./src/usbd_conf.o
                0x0000000008005cf0                HAL_PCD_SetupStageCallback
 .text.HAL_PCD_DataOutStageCallback
                0x0000000008005cfe       0x12 ./src/usbd_conf.o
                0x0000000008005cfe                HAL_PCD_DataOutStageCallback
 .text.HAL_PCD_DataInStageCallback
                0x0000000008005d10       0x10 ./src/usbd_conf.o
                0x0000000008005d10                HAL_PCD_DataInStageCallback
 .text.HAL_PCD_SOFCallback
                0x0000000008005d20        0x8 ./src/usbd_conf.o
                0x0000000008005d20                HAL_PCD_SOFCallback
 .text.HAL_PCD_ResetCallback
                0x0000000008005d28       0x20 ./src/usbd_conf.o
                0x0000000008005d28                HAL_PCD_ResetCallback
 .text.HAL_PCD_SuspendCallback
                0x0000000008005d48        0x8 ./src/usbd_conf.o
                0x0000000008005d48                HAL_PCD_SuspendCallback
 .text.HAL_PCD_ResumeCallback
                0x0000000008005d50        0x8 ./src/usbd_conf.o
                0x0000000008005d50                HAL_PCD_ResumeCallback
 .text.HAL_PCD_ISOOUTIncompleteCallback
                0x0000000008005d58        0x8 ./src/usbd_conf.o
                0x0000000008005d58                HAL_PCD_ISOOUTIncompleteCallback
 .text.HAL_PCD_ISOINIncompleteCallback
                0x0000000008005d60        0x8 ./src/usbd_conf.o
                0x0000000008005d60                HAL_PCD_ISOINIncompleteCallback
 .text.HAL_PCD_ConnectCallback
                0x0000000008005d68        0x8 ./src/usbd_conf.o
                0x0000000008005d68                HAL_PCD_ConnectCallback
 .text.HAL_PCD_DisconnectCallback
                0x0000000008005d70        0x8 ./src/usbd_conf.o
                0x0000000008005d70                HAL_PCD_DisconnectCallback
 .text.USBD_LL_Init
                0x0000000008005d78       0x68 ./src/usbd_conf.o
                0x0000000008005d78                USBD_LL_Init
 .text.USBD_LL_Start
                0x0000000008005de0        0xe ./src/usbd_conf.o
                0x0000000008005de0                USBD_LL_Start
 .text.USBD_LL_OpenEP
                0x0000000008005dee       0x14 ./src/usbd_conf.o
                0x0000000008005dee                USBD_LL_OpenEP
 .text.USBD_LL_CloseEP
                0x0000000008005e02        0xe ./src/usbd_conf.o
                0x0000000008005e02                USBD_LL_CloseEP
 .text.USBD_LL_StallEP
                0x0000000008005e10        0xe ./src/usbd_conf.o
                0x0000000008005e10                USBD_LL_StallEP
 .text.USBD_LL_ClearStallEP
                0x0000000008005e1e        0xe ./src/usbd_conf.o
                0x0000000008005e1e                USBD_LL_ClearStallEP
 .text.USBD_LL_IsStallEP
                0x0000000008005e2c       0x26 ./src/usbd_conf.o
                0x0000000008005e2c                USBD_LL_IsStallEP
 .text.USBD_LL_SetUSBAddress
                0x0000000008005e52        0xe ./src/usbd_conf.o
                0x0000000008005e52                USBD_LL_SetUSBAddress
 .text.USBD_LL_Transmit
                0x0000000008005e60        0xe ./src/usbd_conf.o
                0x0000000008005e60                USBD_LL_Transmit
 .text.USBD_LL_PrepareReceive
                0x0000000008005e6e        0xe ./src/usbd_conf.o
                0x0000000008005e6e                USBD_LL_PrepareReceive
 .text.USBD_LL_GetRxDataSize
                0x0000000008005e7c        0xc ./src/usbd_conf.o
                0x0000000008005e7c                USBD_LL_GetRxDataSize
 .text.USBD_VCP_DeviceDescriptor
                0x0000000008005e88        0xc ./src/usbd_desc.o
                0x0000000008005e88                USBD_VCP_DeviceDescriptor
 .text.USBD_VCP_LangIDStrDescriptor
                0x0000000008005e94        0xc ./src/usbd_desc.o
                0x0000000008005e94                USBD_VCP_LangIDStrDescriptor
 .text.IntToUnicode
                0x0000000008005ea0       0x28 ./src/usbd_desc.o
 .text.USBD_VCP_SerialStrDescriptor
                0x0000000008005ec8       0x40 ./src/usbd_desc.o
                0x0000000008005ec8                USBD_VCP_SerialStrDescriptor
 .text.USBD_VCP_ManufacturerStrDescriptor
                0x0000000008005f08       0x1c ./src/usbd_desc.o
                0x0000000008005f08                USBD_VCP_ManufacturerStrDescriptor
 .text.USBD_VCP_ProductStrDescriptor
                0x0000000008005f24       0x24 ./src/usbd_desc.o
                0x0000000008005f24                USBD_VCP_ProductStrDescriptor
 .text.USBD_VCP_ConfigStrDescriptor
                0x0000000008005f48       0x1c ./src/usbd_desc.o
                0x0000000008005f48                USBD_VCP_ConfigStrDescriptor
 .text.USBD_VCP_InterfaceStrDescriptor
                0x0000000008005f64       0x1c ./src/usbd_desc.o
                0x0000000008005f64                USBD_VCP_InterfaceStrDescriptor
 .text.modf     0x0000000008005f80       0xc4 /Developer/Eclipse/gcc-arm-none-eabi-4_9-2015q2/bin/../lib/gcc/arm-none-eabi/4.9.3/../../../../arm-none-eabi/lib/armv7e-m/libm.a(lib_a-s_modf.o)
                0x0000000008005f80                modf
 .text          0x0000000008006044      0x370 /Developer/Eclipse/gcc-arm-none-eabi-4_9-2015q2/bin/../lib/gcc/arm-none-eabi/4.9.3/armv7e-m/libgcc.a(_arm_addsubdf3.o)
                0x0000000008006044                __aeabi_drsub
                0x000000000800604c                __subdf3
                0x000000000800604c                __aeabi_dsub
                0x0000000008006050                __aeabi_dadd
                0x0000000008006050                __adddf3
                0x00000000080062c8                __aeabi_ui2d
                0x00000000080062c8                __floatunsidf
                0x00000000080062e8                __floatsidf
                0x00000000080062e8                __aeabi_i2d
                0x000000000800630c                __extendsfdf2
                0x000000000800630c                __aeabi_f2d
                0x0000000008006348                __aeabi_ul2d
                0x0000000008006348                __floatundidf
                0x0000000008006358                __aeabi_l2d
                0x0000000008006358                __floatdidf
 .text          0x00000000080063b4      0x424 /Developer/Eclipse/gcc-arm-none-eabi-4_9-2015q2/bin/../lib/gcc/arm-none-eabi/4.9.3/armv7e-m/libgcc.a(_arm_muldivdf3.o)
                0x00000000080063b4                __aeabi_dmul
                0x00000000080063b4                __muldf3
                0x0000000008006608                __aeabi_ddiv
                0x0000000008006608                __divdf3
 .text          0x00000000080067d8       0x50 /Developer/Eclipse/gcc-arm-none-eabi-4_9-2015q2/bin/../lib/gcc/arm-none-eabi/4.9.3/armv7e-m/libgcc.a(_arm_fixdfsi.o)
                0x00000000080067d8                __fixdfsi
                0x00000000080067d8                __aeabi_d2iz
 .text          0x0000000008006828       0x40 /Developer/Eclipse/gcc-arm-none-eabi-4_9-2015q2/bin/../lib/gcc/arm-none-eabi/4.9.3/armv7e-m/libgcc.a(_arm_fixunsdfsi.o)
                0x0000000008006828                __fixunsdfsi
                0x0000000008006828                __aeabi_d2uiz
 .text          0x0000000008006868      0x2a0 /Developer/Eclipse/gcc-arm-none-eabi-4_9-2015q2/bin/../lib/gcc/arm-none-eabi/4.9.3/armv7e-m/libgcc.a(_arm_muldivsf3.o)
                0x0000000008006868                __mulsf3
                0x0000000008006868                __aeabi_fmul
                0x00000000080069d0                __divsf3
                0x00000000080069d0                __aeabi_fdiv
 .text          0x0000000008006b08       0xec /Developer/Eclipse/gcc-arm-none-eabi-4_9-2015q2/bin/../lib/gcc/arm-none-eabi/4.9.3/armv7e-m/libgcc.a(_arm_cmpsf2.o)
                0x0000000008006b08                __gesf2
                0x0000000008006b08                __gtsf2
                0x0000000008006b10                __ltsf2
                0x0000000008006b10                __lesf2
                0x0000000008006b18                __nesf2
                0x0000000008006b18                __eqsf2
                0x0000000008006b18                __cmpsf2
                0x0000000008006b78                __aeabi_cfrcmple
                0x0000000008006b80                __aeabi_cfcmpeq
                0x0000000008006b80                __aeabi_cfcmple
                0x0000000008006b90                __aeabi_fcmpeq
                0x0000000008006ba4                __aeabi_fcmplt
                0x0000000008006bb8                __aeabi_fcmple
                0x0000000008006bcc                __aeabi_fcmpge
                0x0000000008006be0                __aeabi_fcmpgt
 .text          0x0000000008006bf4       0x40 /Developer/Eclipse/gcc-arm-none-eabi-4_9-2015q2/bin/../lib/gcc/arm-none-eabi/4.9.3/armv7e-m/libgcc.a(_arm_fixunssfsi.o)
                0x0000000008006bf4                __aeabi_f2uiz
                0x0000000008006bf4                __fixunssfsi
 .text          0x0000000008006c34       0x30 /Developer/Eclipse/gcc-arm-none-eabi-4_9-2015q2/bin/../lib/gcc/arm-none-eabi/4.9.3/armv7e-m/libgcc.a(_aeabi_uldivmod.o)
                0x0000000008006c34                __aeabi_uldivmod
 .text          0x0000000008006c64       0x60 /Developer/Eclipse/gcc-arm-none-eabi-4_9-2015q2/bin/../lib/gcc/arm-none-eabi/4.9.3/armv7e-m/libgcc.a(bpabi.o)
                0x0000000008006c64                __gnu_ldivmod_helper
                0x0000000008006c94                __gnu_uldivmod_helper
 .text          0x0000000008006cc4        0x4 /Developer/Eclipse/gcc-arm-none-eabi-4_9-2015q2/bin/../lib/gcc/arm-none-eabi/4.9.3/armv7e-m/libgcc.a(_dvmd_tls.o)
                0x0000000008006cc4                __aeabi_ldiv0
                0x0000000008006cc4                __aeabi_idiv0
 .text          0x0000000008006cc8      0x29c /Developer/Eclipse/gcc-arm-none-eabi-4_9-2015q2/bin/../lib/gcc/arm-none-eabi/4.9.3/armv7e-m/libgcc.a(_divdi3.o)
                0x0000000008006cc8                __divdi3
 .text          0x0000000008006f64      0x26c /Developer/Eclipse/gcc-arm-none-eabi-4_9-2015q2/bin/../lib/gcc/arm-none-eabi/4.9.3/armv7e-m/libgcc.a(_udivdi3.o)
                0x0000000008006f64                __udivdi3
 .text.atoi     0x00000000080071d0        0x8 /Developer/Eclipse/gcc-arm-none-eabi-4_9-2015q2/bin/../lib/gcc/arm-none-eabi/4.9.3/../../../../arm-none-eabi/lib/armv7e-m/libg_nano.a(lib_a-atoi.o)
                0x00000000080071d0                atoi
 .text.__errno  0x00000000080071d8        0xc /Developer/Eclipse/gcc-arm-none-eabi-4_9-2015q2/bin/../lib/gcc/arm-none-eabi/4.9.3/../../../../arm-none-eabi/lib/armv7e-m/libg_nano.a(lib_a-errno.o)
                0x00000000080071d8                __errno
 .text.malloc   0x00000000080071e4       0x10 /Developer/Eclipse/gcc-arm-none-eabi-4_9-2015q2/bin/../lib/gcc/arm-none-eabi/4.9.3/../../../../arm-none-eabi/lib/armv7e-m/libg_nano.a(lib_a-malloc.o)
                0x00000000080071e4                malloc
 .text.free     0x00000000080071f4       0x10 /Developer/Eclipse/gcc-arm-none-eabi-4_9-2015q2/bin/../lib/gcc/arm-none-eabi/4.9.3/../../../../arm-none-eabi/lib/armv7e-m/libg_nano.a(lib_a-malloc.o)
                0x00000000080071f4                free
 .text.memcpy   0x0000000008007204       0x16 /Developer/Eclipse/gcc-arm-none-eabi-4_9-2015q2/bin/../lib/gcc/arm-none-eabi/4.9.3/../../../../arm-none-eabi/lib/armv7e-m/libg_nano.a(lib_a-memcpy.o)
                0x0000000008007204                memcpy
 .text.memset   0x000000000800721a       0x10 /Developer/Eclipse/gcc-arm-none-eabi-4_9-2015q2/bin/../lib/gcc/arm-none-eabi/4.9.3/../../../../arm-none-eabi/lib/armv7e-m/libg_nano.a(lib_a-memset.o)
                0x000000000800721a                memset
 *fill*         0x000000000800722a        0x2 
 .text._free_r  0x000000000800722c       0x88 /Developer/Eclipse/gcc-arm-none-eabi-4_9-2015q2/bin/../lib/gcc/arm-none-eabi/4.9.3/../../../../arm-none-eabi/lib/armv7e-m/libg_nano.a(lib_a-nano-freer.o)
                0x000000000800722c                _free_r
 .text._malloc_r
                0x00000000080072b4       0xac /Developer/Eclipse/gcc-arm-none-eabi-4_9-2015q2/bin/../lib/gcc/arm-none-eabi/4.9.3/../../../../arm-none-eabi/lib/armv7e-m/libg_nano.a(lib_a-nano-mallocr.o)
                0x00000000080072b4                _malloc_r
 .text._sbrk_r  0x0000000008007360       0x20 /Developer/Eclipse/gcc-arm-none-eabi-4_9-2015q2/bin/../lib/gcc/arm-none-eabi/4.9.3/../../../../arm-none-eabi/lib/armv7e-m/libg_nano.a(lib_a-sbrkr.o)
                0x0000000008007360                _sbrk_r
 .text.snprintf
                0x0000000008007380       0x64 /Developer/Eclipse/gcc-arm-none-eabi-4_9-2015q2/bin/../lib/gcc/arm-none-eabi/4.9.3/../../../../arm-none-eabi/lib/armv7e-m/libg_nano.a(lib_a-snprintf.o)
                0x0000000008007380                snprintf
                0x0000000008007380                sniprintf
 .text.sprintf  0x00000000080073e4       0x48 /Developer/Eclipse/gcc-arm-none-eabi-4_9-2015q2/bin/../lib/gcc/arm-none-eabi/4.9.3/../../../../arm-none-eabi/lib/armv7e-m/libg_nano.a(lib_a-sprintf.o)
                0x00000000080073e4                sprintf
                0x00000000080073e4                siprintf
 .text          0x000000000800742c       0x14 /Developer/Eclipse/gcc-arm-none-eabi-4_9-2015q2/bin/../lib/gcc/arm-none-eabi/4.9.3/../../../../arm-none-eabi/lib/armv7e-m/libg_nano.a(lib_a-strcmp.o)
                0x000000000800742c                strcmp
 .text.strlen   0x0000000008007440       0x10 /Developer/Eclipse/gcc-arm-none-eabi-4_9-2015q2/bin/../lib/gcc/arm-none-eabi/4.9.3/../../../../arm-none-eabi/lib/armv7e-m/libg_nano.a(lib_a-strlen.o)
                0x0000000008007440                strlen
 .text._strtol_r
                0x0000000008007450      0x10c /Developer/Eclipse/gcc-arm-none-eabi-4_9-2015q2/bin/../lib/gcc/arm-none-eabi/4.9.3/../../../../arm-none-eabi/lib/armv7e-m/libg_nano.a(lib_a-strtol.o)
                0x0000000008007450                _strtol_r
 .text.strtol   0x000000000800755c       0x1c /Developer/Eclipse/gcc-arm-none-eabi-4_9-2015q2/bin/../lib/gcc/arm-none-eabi/4.9.3/../../../../arm-none-eabi/lib/armv7e-m/libg_nano.a(lib_a-strtol.o)
                0x000000000800755c                strtol
 .text.__ssputs_r
                0x0000000008007578       0xb2 /Developer/Eclipse/gcc-arm-none-eabi-4_9-2015q2/bin/../lib/gcc/arm-none-eabi/4.9.3/../../../../arm-none-eabi/lib/armv7e-m/libg_nano.a(lib_a-nano-svfprintf.o)
                0x0000000008007578                __ssputs_r
 *fill*         0x000000000800762a        0x2 
 .text._svfprintf_r
                0x000000000800762c      0x1e4 /Developer/Eclipse/gcc-arm-none-eabi-4_9-2015q2/bin/../lib/gcc/arm-none-eabi/4.9.3/../../../../arm-none-eabi/lib/armv7e-m/libg_nano.a(lib_a-nano-svfprintf.o)
                0x000000000800762c                _svfprintf_r
                0x000000000800762c                _svfiprintf_r
 .text._printf_common
                0x0000000008007810       0xea /Developer/Eclipse/gcc-arm-none-eabi-4_9-2015q2/bin/../lib/gcc/arm-none-eabi/4.9.3/../../../../arm-none-eabi/lib/armv7e-m/libg_nano.a(lib_a-nano-vfprintf_i.o)
                0x0000000008007810                _printf_common
 *fill*         0x00000000080078fa        0x2 
 .text._printf_i
                0x00000000080078fc      0x240 /Developer/Eclipse/gcc-arm-none-eabi-4_9-2015q2/bin/../lib/gcc/arm-none-eabi/4.9.3/../../../../arm-none-eabi/lib/armv7e-m/libg_nano.a(lib_a-nano-vfprintf_i.o)
                0x00000000080078fc                _printf_i
 .text.memchr   0x0000000008007b3c       0x1e /Developer/Eclipse/gcc-arm-none-eabi-4_9-2015q2/bin/../lib/gcc/arm-none-eabi/4.9.3/../../../../arm-none-eabi/lib/armv7e-m/libg_nano.a(lib_a-memchr.o)
                0x0000000008007b3c                memchr
 .text.memmove  0x0000000008007b5a       0x36 /Developer/Eclipse/gcc-arm-none-eabi-4_9-2015q2/bin/../lib/gcc/arm-none-eabi/4.9.3/../../../../arm-none-eabi/lib/armv7e-m/libg_nano.a(lib_a-memmove.o)
                0x0000000008007b5a                memmove
 .text._realloc_r
                0x0000000008007b90       0x4c /Developer/Eclipse/gcc-arm-none-eabi-4_9-2015q2/bin/../lib/gcc/arm-none-eabi/4.9.3/../../../../arm-none-eabi/lib/armv7e-m/libg_nano.a(lib_a-nano-reallocr.o)
                0x0000000008007b90                _realloc_r
 .text._malloc_usable_size_r
                0x0000000008007bdc       0x14 /Developer/Eclipse/gcc-arm-none-eabi-4_9-2015q2/bin/../lib/gcc/arm-none-eabi/4.9.3/../../../../arm-none-eabi/lib/armv7e-m/libg_nano.a(lib_a-nano-msizer.o)
                0x0000000008007bdc                _malloc_usable_size_r
 *(.rodata .rodata.* .constdata .constdata.*)
 .rodata.APBAHBPrescTable
                0x0000000008007bf0       0x10 ./stm32haldev/system/STM32F4xx_HAL_Driver/Src/stm32f4xx_hal_rcc.o
                0x0000000008007bf0                APBAHBPrescTable
 .rodata.AHBPrescTable
                0x0000000008007c00       0x10 ./stm32haldev/system/CMSIS/Device/ST/STM32F4xx/Source/system/system_stm32f4xx.o
                0x0000000008007c00                AHBPrescTable
 .rodata.GPIO_PIN
                0x0000000008007c10        0xa ./stm32haldev/stm32dev/boards/f429disco.o
                0x0000000008007c10                GPIO_PIN
 .rodata.CSWTCH.70
                0x0000000008007c1a       0x14 ./src/application.o
 .rodata.str1.1
                0x0000000008007c2e       0x79 ./src/application.o
                                         0x84 (size before relaxing)
 .rodata.str1.1
                0x0000000008007ca7      0x115 ./src/main.o
                                        0x118 (size before relaxing)
 .rodata.str1.1
                0x0000000008007dbc       0x6e ./src/usbd_desc.o
 .rodata.str1.1
                0x0000000008007e2a        0x2 /Developer/Eclipse/gcc-arm-none-eabi-4_9-2015q2/bin/../lib/gcc/arm-none-eabi/4.9.3/../../../../arm-none-eabi/lib/armv7e-m/libg_nano.a(lib_a-impure.o)
 .rodata._ctype_
                0x0000000008007e2c      0x101 /Developer/Eclipse/gcc-arm-none-eabi-4_9-2015q2/bin/../lib/gcc/arm-none-eabi/4.9.3/../../../../arm-none-eabi/lib/armv7e-m/libg_nano.a(lib_a-ctype_.o)
                0x0000000008007e2c                _ctype_
 .rodata.str1.1
                0x0000000008007f2d       0x11 /Developer/Eclipse/gcc-arm-none-eabi-4_9-2015q2/bin/../lib/gcc/arm-none-eabi/4.9.3/../../../../arm-none-eabi/lib/armv7e-m/libg_nano.a(lib_a-nano-svfprintf.o)
 .rodata.str1.1
                0x0000000008007f3e       0x22 /Developer/Eclipse/gcc-arm-none-eabi-4_9-2015q2/bin/../lib/gcc/arm-none-eabi/4.9.3/../../../../arm-none-eabi/lib/armv7e-m/libg_nano.a(lib_a-nano-vfprintf_i.o)
 *(vtable)
 *(.eh_frame*)
 .eh_frame      0x0000000008007f60       0x28 /Developer/Eclipse/gcc-arm-none-eabi-4_9-2015q2/bin/../lib/gcc/arm-none-eabi/4.9.3/../../../../arm-none-eabi/lib/armv7e-m/libg_nano.a(lib_a-strcmp.o)
 *(.glue_7)
 .glue_7        0x0000000000000000        0x0 linker stubs
 *(.glue_7t)
 .glue_7t       0x0000000000000000        0x0 linker stubs

.vfp11_veneer   0x0000000008007f88        0x0
 .vfp11_veneer  0x0000000000000000        0x0 linker stubs

.v4_bx          0x0000000008007f88        0x0
 .v4_bx         0x0000000000000000        0x0 linker stubs

.iplt           0x0000000008007f88        0x0
 .iplt          0x0000000000000000        0x0 ./stm32haldev/system/src/newlib/_exit.o

.ARM.extab
 *(.ARM.extab* .gnu.linkonce.armextab.*)
                0x0000000008007f88                . = ALIGN (0x4)
                0x0000000008007f88                __exidx_start = .

.ARM.exidx      0x0000000008007f88        0x8
 *(.ARM.exidx* .gnu.linkonce.armexidx.*)
 .ARM.exidx     0x0000000008007f88        0x8 /Developer/Eclipse/gcc-arm-none-eabi-4_9-2015q2/bin/../lib/gcc/arm-none-eabi/4.9.3/armv7e-m/libgcc.a(_divdi3.o)
 .ARM.exidx     0x0000000008007f90        0x0 /Developer/Eclipse/gcc-arm-none-eabi-4_9-2015q2/bin/../lib/gcc/arm-none-eabi/4.9.3/armv7e-m/libgcc.a(_udivdi3.o)
                                          0x8 (size before relaxing)
                0x0000000008007f90                __exidx_end = .

.rel.dyn        0x0000000008007f90        0x0
 .rel.iplt      0x0000000000000000        0x0 ./stm32haldev/system/src/newlib/_exit.o
                0x0000000008007f90                . = ALIGN (0x4)
                0x0000000008007f90                _etext = .
                0x0000000008007f90                __etext = .

.data_CCMRAM    0x0000000010000000        0x0 load address 0x0000000008007f90
 FILL mask 0xff
 *(.data.CCMRAM .data.CCMRAM.*)
                0x0000000010000000                . = ALIGN (0x4)
                0x0000000008007f90                _sidata = LOADADDR (.data)

.data           0x0000000020000000     0x2380 load address 0x0000000008007f90
 FILL mask 0xff
                0x0000000020000000                _sdata = .
                0x0000000020000000                __data_start__ = .
 *(.data_begin .data_begin.*)
 .data_begin    0x0000000020000000        0x4 ./stm32haldev/system/src/newlib/_startup.o
 *(.data .data.*)
 .data.argv.4157
                0x0000000020000004        0x8 ./stm32haldev/system/src/newlib/_syscalls.o
 .data.SystemCoreClock
                0x000000002000000c        0x4 ./stm32haldev/system/CMSIS/Device/ST/STM32F4xx/Source/system/system_stm32f4xx.o
                0x000000002000000c                SystemCoreClock
 .data._ad9834_maxFrequency
                0x0000000020000010        0x8 ./stm32haldev/stm32dev/src/general/stm32dev_dds_AD9834.o
                0x0000000020000010                _ad9834_maxFrequency
 .data._ad9834_baseclock
                0x0000000020000018        0x8 ./stm32haldev/stm32dev/src/general/stm32dev_dds_AD9834.o
                0x0000000020000018                _ad9834_baseclock
 .data.GPIO_PORT
                0x0000000020000020       0x14 ./stm32haldev/stm32dev/boards/f429disco.o
                0x0000000020000020                GPIO_PORT
 .data.USBD_CDC_CfgFSDesc
                0x0000000020000034       0x43 ./src/cdc/usbd_cdc.o
                0x0000000020000034                USBD_CDC_CfgFSDesc
 *fill*         0x0000000020000077        0x1 
 .data.USBD_CDC
                0x0000000020000078       0x38 ./src/cdc/usbd_cdc.o
                0x0000000020000078                USBD_CDC
 .data.USBD_CDC_DeviceQualifierDesc
                0x00000000200000b0        0xa ./src/cdc/usbd_cdc.o
 *fill*         0x00000000200000ba        0x2 
 .data.USBD_CDC_OtherSpeedCfgDesc
                0x00000000200000bc       0x43 ./src/cdc/usbd_cdc.o
                0x00000000200000bc                USBD_CDC_OtherSpeedCfgDesc
 *fill*         0x00000000200000ff        0x1 
 .data.USBD_CDC_CfgHSDesc
                0x0000000020000100       0x43 ./src/cdc/usbd_cdc.o
                0x0000000020000100                USBD_CDC_CfgHSDesc
 *fill*         0x0000000020000143        0x1 
 .data._application_vars_frequency
                0x0000000020000144        0x4 ./src/application.o
 .data._application_vars_pattern
                0x0000000020000148        0x1 ./src/application.o
 *fill*         0x0000000020000149        0x3 
 .data._application_vars_sweep_frequencystop
                0x000000002000014c        0x4 ./src/application.o
 .data._application_currentcommand
                0x0000000020000150        0x1 ./src/application.o
 *fill*         0x0000000020000151        0x3 
 .data._application_adc_samples
                0x0000000020000154        0x4 ./src/application.o
                0x0000000020000154                _application_adc_samples
 .data._application_vars_DDStype
                0x0000000020000158        0x1 ./src/application.o
 *fill*         0x0000000020000159        0x1 
 .data._application_vars_waveamplitude
                0x000000002000015a        0x2 ./src/application.o
 .data.calvalues_highfreq
                0x000000002000015c     0x10a4 ./src/application.o
                0x000000002000015c                calvalues_highfreq
 .data._application_vars_sweep_frequencystart
                0x0000000020001200        0x4 ./src/application.o
 .data._application_vars_sweep_frequencyincrement
                0x0000000020001204        0x4 ./src/application.o
 .data._application_vars_sweep_delay
                0x0000000020001208        0x4 ./src/application.o
 .data.calvalues_lowfreq
                0x000000002000120c     0x10a4 ./src/application.o
                0x000000002000120c                calvalues_lowfreq
 .data.LineCoding
                0x00000000200022b0        0x8 ./src/usbd_cdc_interface.o
                0x00000000200022b0                LineCoding
 .data.USBD_CDC_fops
                0x00000000200022b8       0x10 ./src/usbd_cdc_interface.o
                0x00000000200022b8                USBD_CDC_fops
 .data.VCP_Desc
                0x00000000200022c8       0x1c ./src/usbd_desc.o
                0x00000000200022c8                VCP_Desc
 .data.USBD_LangIDDesc
                0x00000000200022e4        0x4 ./src/usbd_desc.o
                0x00000000200022e4                USBD_LangIDDesc
 .data.USBD_DeviceDesc
                0x00000000200022e8       0x12 ./src/usbd_desc.o
                0x00000000200022e8                USBD_DeviceDesc
 .data.USBD_StringSerial
                0x00000000200022fa       0x1a ./src/usbd_desc.o
                0x00000000200022fa                USBD_StringSerial
 .data.impure_data
                0x0000000020002314       0x60 /Developer/Eclipse/gcc-arm-none-eabi-4_9-2015q2/bin/../lib/gcc/arm-none-eabi/4.9.3/../../../../arm-none-eabi/lib/armv7e-m/libg_nano.a(lib_a-impure.o)
 .data._impure_ptr
                0x0000000020002374        0x4 /Developer/Eclipse/gcc-arm-none-eabi-4_9-2015q2/bin/../lib/gcc/arm-none-eabi/4.9.3/../../../../arm-none-eabi/lib/armv7e-m/libg_nano.a(lib_a-impure.o)
                0x0000000020002374                _impure_ptr
 .data.__ctype_ptr__
                0x0000000020002378        0x4 /Developer/Eclipse/gcc-arm-none-eabi-4_9-2015q2/bin/../lib/gcc/arm-none-eabi/4.9.3/../../../../arm-none-eabi/lib/armv7e-m/libg_nano.a(lib_a-ctype_.o)
                0x0000000020002378                __ctype_ptr__
 *(.data_end .data_end.*)
 .data_end      0x000000002000237c        0x4 ./stm32haldev/system/src/newlib/_startup.o
                0x0000000020002380                . = ALIGN (0x4)
                0x0000000020002380                _edata = .
                0x0000000020002380                __data_end__ = .

.igot.plt       0x0000000020002380        0x0 load address 0x000000000800a310
 .igot.plt      0x0000000000000000        0x0 ./stm32haldev/system/src/newlib/_exit.o

.bss_CCMRAM     0x0000000010000000        0x0
 *(.bss.CCMRAM .bss.CCMRAM.*)

.bss            0x0000000020002380     0x152c
                0x0000000020002380                __bss_start__ = .
                0x0000000020002380                _sbss = .
 *(.bss_begin .bss_begin.*)
 .bss_begin     0x0000000020002380        0x4 ./stm32haldev/system/src/newlib/_startup.o
 *(.bss .bss.*)
 .bss.current_heap_end.3862
                0x0000000020002384        0x4 ./stm32haldev/system/src/newlib/_sbrk.o
 .bss.name.4156
                0x0000000020002388        0x1 ./stm32haldev/system/src/newlib/_syscalls.o
 *fill*         0x0000000020002389        0x3 
 .bss.uwTick    0x000000002000238c        0x4 ./stm32haldev/system/STM32F4xx_HAL_Driver/Src/stm32f4xx_hal.o
 .bss._pin_clock
                0x0000000020002390        0x1 ./stm32haldev/stm32dev/src/general/stm32dev_dds_AD9834.o
 *fill*         0x0000000020002391        0x3 
 .bss._bank_clock
                0x0000000020002394        0x4 ./stm32haldev/stm32dev/src/general/stm32dev_dds_AD9834.o
 .bss._bank_ss  0x0000000020002398        0x4 ./stm32haldev/stm32dev/src/general/stm32dev_dds_AD9834.o
 .bss._pin_clock_init
                0x000000002000239c        0x1 ./stm32haldev/stm32dev/src/general/stm32dev_dds_AD9834.o
 *fill*         0x000000002000239d        0x1 
 .bss._ad9834_sendbuffer
                0x000000002000239e        0x4 ./stm32haldev/stm32dev/src/general/stm32dev_dds_AD9834.o
 *fill*         0x00000000200023a2        0x2 
 .bss._bank_data
                0x00000000200023a4        0x4 ./stm32haldev/stm32dev/src/general/stm32dev_dds_AD9834.o
 .bss._ad9834_setclock
                0x00000000200023a8       0x10 ./stm32haldev/stm32dev/src/general/stm32dev_dds_AD9834.o
                0x00000000200023a8                _ad9834_setclock
 .bss._ad9834_initialized
                0x00000000200023b8        0x1 ./stm32haldev/stm32dev/src/general/stm32dev_dds_AD9834.o
 .bss._pin_data_init
                0x00000000200023b9        0x1 ./stm32haldev/stm32dev/src/general/stm32dev_dds_AD9834.o
 .bss._pin_data
                0x00000000200023ba        0x1 ./stm32haldev/stm32dev/src/general/stm32dev_dds_AD9834.o
 *fill*         0x00000000200023bb        0x1 
 .bss._ad9834_controlregister
                0x00000000200023bc        0x2 ./stm32haldev/stm32dev/src/general/stm32dev_dds_AD9834.o
 *fill*         0x00000000200023be        0x2 
 .bss._ad9834_setphase
                0x00000000200023c0        0x8 ./stm32haldev/stm32dev/src/general/stm32dev_dds_AD9834.o
                0x00000000200023c0                _ad9834_setphase
 .bss._pin_ss   0x00000000200023c8        0x1 ./stm32haldev/stm32dev/src/general/stm32dev_dds_AD9834.o
 .bss._pin_ss_init
                0x00000000200023c9        0x1 ./stm32haldev/stm32dev/src/general/stm32dev_dds_AD9834.o
 .bss.str.5332  0x00000000200023ca       0x10 ./stm32haldev/stm32dev/src/general/stm32dev_general.o
 .bss.cfgidx.11275
                0x00000000200023da        0x1 ./src/usbcore/usbd_ctlreq.o
 .bss.ifalt.11270
                0x00000000200023db        0x1 ./src/cdc/usbd_cdc.o
 .bss._application_adc_samples_count
                0x00000000200023dc        0x4 ./src/application.o
                0x00000000200023dc                _application_adc_samples_count
 .bss._application_rx_bufferPtr
                0x00000000200023e0        0x4 ./src/application.o
 .bss._application_dbm_values
                0x00000000200023e4        0x1 ./src/application.o
                0x00000000200023e4                _application_dbm_values
 *fill*         0x00000000200023e5        0x3 
 .bss._application_waitingforinfo
                0x00000000200023e8        0x4 ./src/application.o
 .bss._application_currentCommandNumber
                0x00000000200023ec        0x2 ./src/application.o
 .bss._application_rx_buffer
                0x00000000200023ee      0x400 ./src/application.o
 .bss.channelSamplingEnabled
                0x00000000200027ee        0x1 ./src/main.o
                0x00000000200027ee                channelSamplingEnabled
 *fill*         0x00000000200027ef        0x1 
 .bss.uhADCxConvertedValueVREFINT_highest
                0x00000000200027f0        0x2 ./src/main.o
                0x00000000200027f0                uhADCxConvertedValueVREFINT_highest
 .bss.channelSampling
                0x00000000200027f2        0x1 ./src/main.o
                0x00000000200027f2                channelSampling
 *fill*         0x00000000200027f3        0x1 
 .bss.uhADCxConvertedValue1
                0x00000000200027f4        0x2 ./src/main.o
                0x00000000200027f4                uhADCxConvertedValue1
 .bss.uhADCxConvertedValue2
                0x00000000200027f6        0x2 ./src/main.o
                0x00000000200027f6                uhADCxConvertedValue2
 .bss.uhADCxConvertedValue1_highest
                0x00000000200027f8        0x2 ./src/main.o
                0x00000000200027f8                uhADCxConvertedValue1_highest
 *fill*         0x00000000200027fa        0x2 
 .bss.sDACConfig
                0x00000000200027fc        0x8 ./src/main.o
 .bss.doSweep   0x0000000020002804        0x1 ./src/main.o
                0x0000000020002804                doSweep
 *fill*         0x0000000020002805        0x1 
 .bss.uhADCxConvertedValue2_highest
                0x0000000020002806        0x2 ./src/main.o
                0x0000000020002806                uhADCxConvertedValue2_highest
 .bss.hdma_adc.12603
                0x0000000020002808       0x50 ./src/stm32f4xx_hal_msp.o
 .bss.hdma_tx.12582
                0x0000000020002858       0x50 ./src/stm32f4xx_hal_msp.o
 .bss.__malloc_sbrk_start