Archive member included because of file (symbol)

/Developer/Eclipse/gcc-arm-none-eabi-4_9-2015q2/bin/../lib/gcc/arm-none-eabi/4.9.3/../../../../arm-none-eabi/lib/armv7e-m/libm.a(lib_a-w_pow.o)
                              ./stm32dev/src/general/stm32dev_general.o (pow)
/Developer/Eclipse/gcc-arm-none-eabi-4_9-2015q2/bin/../lib/gcc/arm-none-eabi/4.9.3/../../../../arm-none-eabi/lib/armv7e-m/libm.a(lib_a-e_pow.o)
                              /Developer/Eclipse/gcc-arm-none-eabi-4_9-2015q2/bin/../lib/gcc/arm-none-eabi/4.9.3/../../../../arm-none-eabi/lib/armv7e-m/libm.a(lib_a-w_pow.o) (__ieee754_pow)
/Developer/Eclipse/gcc-arm-none-eabi-4_9-2015q2/bin/../lib/gcc/arm-none-eabi/4.9.3/../../../../arm-none-eabi/lib/armv7e-m/libm.a(lib_a-e_sqrt.o)
                              /Developer/Eclipse/gcc-arm-none-eabi-4_9-2015q2/bin/../lib/gcc/arm-none-eabi/4.9.3/../../../../arm-none-eabi/lib/armv7e-m/libm.a(lib_a-e_pow.o) (__ieee754_sqrt)
/Developer/Eclipse/gcc-arm-none-eabi-4_9-2015q2/bin/../lib/gcc/arm-none-eabi/4.9.3/../../../../arm-none-eabi/lib/armv7e-m/libm.a(lib_a-s_fabs.o)
                              /Developer/Eclipse/gcc-arm-none-eabi-4_9-2015q2/bin/../lib/gcc/arm-none-eabi/4.9.3/../../../../arm-none-eabi/lib/armv7e-m/libm.a(lib_a-e_pow.o) (fabs)
/Developer/Eclipse/gcc-arm-none-eabi-4_9-2015q2/bin/../lib/gcc/arm-none-eabi/4.9.3/../../../../arm-none-eabi/lib/armv7e-m/libm.a(lib_a-s_finite.o)
                              /Developer/Eclipse/gcc-arm-none-eabi-4_9-2015q2/bin/../lib/gcc/arm-none-eabi/4.9.3/../../../../arm-none-eabi/lib/armv7e-m/libm.a(lib_a-w_pow.o) (finite)
/Developer/Eclipse/gcc-arm-none-eabi-4_9-2015q2/bin/../lib/gcc/arm-none-eabi/4.9.3/../../../../arm-none-eabi/lib/armv7e-m/libm.a(lib_a-s_fpclassify.o)
                              /Developer/Eclipse/gcc-arm-none-eabi-4_9-2015q2/bin/../lib/gcc/arm-none-eabi/4.9.3/../../../../arm-none-eabi/lib/armv7e-m/libm.a(lib_a-w_pow.o) (__fpclassifyd)
/Developer/Eclipse/gcc-arm-none-eabi-4_9-2015q2/bin/../lib/gcc/arm-none-eabi/4.9.3/../../../../arm-none-eabi/lib/armv7e-m/libm.a(lib_a-s_lib_ver.o)
                              /Developer/Eclipse/gcc-arm-none-eabi-4_9-2015q2/bin/../lib/gcc/arm-none-eabi/4.9.3/../../../../arm-none-eabi/lib/armv7e-m/libm.a(lib_a-w_pow.o) (__fdlib_version)
/Developer/Eclipse/gcc-arm-none-eabi-4_9-2015q2/bin/../lib/gcc/arm-none-eabi/4.9.3/../../../../arm-none-eabi/lib/armv7e-m/libm.a(lib_a-s_matherr.o)
                              /Developer/Eclipse/gcc-arm-none-eabi-4_9-2015q2/bin/../lib/gcc/arm-none-eabi/4.9.3/../../../../arm-none-eabi/lib/armv7e-m/libm.a(lib_a-w_pow.o) (matherr)
/Developer/Eclipse/gcc-arm-none-eabi-4_9-2015q2/bin/../lib/gcc/arm-none-eabi/4.9.3/../../../../arm-none-eabi/lib/armv7e-m/libm.a(lib_a-s_nan.o)
                              /Developer/Eclipse/gcc-arm-none-eabi-4_9-2015q2/bin/../lib/gcc/arm-none-eabi/4.9.3/../../../../arm-none-eabi/lib/armv7e-m/libm.a(lib_a-e_pow.o) (nan)
/Developer/Eclipse/gcc-arm-none-eabi-4_9-2015q2/bin/../lib/gcc/arm-none-eabi/4.9.3/../../../../arm-none-eabi/lib/armv7e-m/libm.a(lib_a-s_rint.o)
                              /Developer/Eclipse/gcc-arm-none-eabi-4_9-2015q2/bin/../lib/gcc/arm-none-eabi/4.9.3/../../../../arm-none-eabi/lib/armv7e-m/libm.a(lib_a-w_pow.o) (rint)
/Developer/Eclipse/gcc-arm-none-eabi-4_9-2015q2/bin/../lib/gcc/arm-none-eabi/4.9.3/../../../../arm-none-eabi/lib/armv7e-m/libm.a(lib_a-s_scalbn.o)
                              /Developer/Eclipse/gcc-arm-none-eabi-4_9-2015q2/bin/../lib/gcc/arm-none-eabi/4.9.3/../../../../arm-none-eabi/lib/armv7e-m/libm.a(lib_a-e_pow.o) (scalbn)
/Developer/Eclipse/gcc-arm-none-eabi-4_9-2015q2/bin/../lib/gcc/arm-none-eabi/4.9.3/../../../../arm-none-eabi/lib/armv7e-m/libm.a(lib_a-s_copysign.o)
                              /Developer/Eclipse/gcc-arm-none-eabi-4_9-2015q2/bin/../lib/gcc/arm-none-eabi/4.9.3/../../../../arm-none-eabi/lib/armv7e-m/libm.a(lib_a-s_scalbn.o) (copysign)
/Developer/Eclipse/gcc-arm-none-eabi-4_9-2015q2/bin/../lib/gcc/arm-none-eabi/4.9.3/armv7e-m/libgcc.a(_arm_addsubdf3.o)
                              /Developer/Eclipse/gcc-arm-none-eabi-4_9-2015q2/bin/../lib/gcc/arm-none-eabi/4.9.3/../../../../arm-none-eabi/lib/armv7e-m/libm.a(lib_a-e_pow.o) (__aeabi_dsub)
/Developer/Eclipse/gcc-arm-none-eabi-4_9-2015q2/bin/../lib/gcc/arm-none-eabi/4.9.3/armv7e-m/libgcc.a(_arm_muldivdf3.o)
                              ./stm32dev/src/general/stm32dev_general.o (__aeabi_dmul)
/Developer/Eclipse/gcc-arm-none-eabi-4_9-2015q2/bin/../lib/gcc/arm-none-eabi/4.9.3/armv7e-m/libgcc.a(_arm_cmpdf2.o)
                              /Developer/Eclipse/gcc-arm-none-eabi-4_9-2015q2/bin/../lib/gcc/arm-none-eabi/4.9.3/../../../../arm-none-eabi/lib/armv7e-m/libm.a(lib_a-w_pow.o) (__aeabi_dcmpeq)
/Developer/Eclipse/gcc-arm-none-eabi-4_9-2015q2/bin/../lib/gcc/arm-none-eabi/4.9.3/armv7e-m/libgcc.a(_arm_fixunsdfsi.o)
                              ./stm32dev/src/general/stm32dev_general.o (__aeabi_d2uiz)
[...]
Memory Configuration

Name             Origin             Length             Attributes
RAM              0x0000000020000000 0x0000000000020000 xrw
CCMRAM           0x0000000010000000 0x0000000000010000 xrw
FLASH            0x0000000008000000 0x0000000000100000 xr
FLASHB1          0x0000000000000000 0x0000000000000000 xr
EXTMEMB0         0x0000000000000000 0x0000000000000000 xr
EXTMEMB1         0x0000000000000000 0x0000000000000000 xr
EXTMEMB2         0x0000000000000000 0x0000000000000000 xr
EXTMEMB3         0x0000000000000000 0x0000000000000000 xr
MEMORY_ARRAY     0x0000000020002000 0x0000000000000020 xrw
*default*        0x0000000000000000 0xffffffffffffffff

Linker script and memory map

LOAD ./stm32dev/src/stm32f4/stm32dev_dma_f4.o
LOAD ./stm32dev/src/stm32f4/stm32dev_exti_f4.o
LOAD ./stm32dev/src/stm32f4/stm32dev_gpio_f4.o
LOAD ./stm32dev/src/stm32f4/stm32dev_nvic_f4.o
LOAD ./stm32dev/src/stm32f4/stm32dev_pwr_f4.o
LOAD ./stm32dev/src/stm32f4/stm32dev_rcc_f4.o
LOAD ./stm32dev/src/stm32f4/stm32dev_rtc_f4.o
LOAD ./stm32dev/src/stm32f4/stm32dev_spi_f4.o
LOAD ./stm32dev/src/stm32f4/stm32dev_tim_f4.o
LOAD ./stm32dev/src/stm32f4/stm32dev_usart_f4.o
LOAD ./stm32dev/src/general/stm32dev_dds_AD9833.o
LOAD ./stm32dev/src/general/stm32dev_dds_AD9834.o
LOAD ./stm32dev/src/general/stm32dev_dds_AD9850.o
LOAD ./stm32dev/src/general/stm32dev_dds_AD9851.o
LOAD ./stm32dev/src/general/stm32dev_general.o
LOAD ./stm32dev/src/general/stm32dev_screen_ssd1306.o
LOAD /Developer/Eclipse/gcc-arm-none-eabi-4_9-2015q2/bin/../lib/gcc/arm-none-eabi/4.9.3/../../../../arm-none-eabi/lib/armv7e-m/libstdc++_nano.a
LOAD /Developer/Eclipse/gcc-arm-none-eabi-4_9-2015q2/bin/../lib/gcc/arm-none-eabi/4.9.3/../../../../arm-none-eabi/lib/armv7e-m/libm.a
START GROUP
LOAD /Developer/Eclipse/gcc-arm-none-eabi-4_9-2015q2/bin/../lib/gcc/arm-none-eabi/4.9.3/armv7e-m/libgcc.a
LOAD /Developer/Eclipse/gcc-arm-none-eabi-4_9-2015q2/bin/../lib/gcc/arm-none-eabi/4.9.3/../../../../arm-none-eabi/lib/armv7e-m/libg_nano.a
LOAD /Developer/Eclipse/gcc-arm-none-eabi-4_9-2015q2/bin/../lib/gcc/arm-none-eabi/4.9.3/../../../../arm-none-eabi/lib/armv7e-m/libc_nano.a
END GROUP
START GROUP
LOAD /Developer/Eclipse/gcc-arm-none-eabi-4_9-2015q2/bin/../lib/gcc/arm-none-eabi/4.9.3/armv7e-m/libgcc.a
LOAD /Developer/Eclipse/gcc-arm-none-eabi-4_9-2015q2/bin/../lib/gcc/arm-none-eabi/4.9.3/../../../../arm-none-eabi/lib/armv7e-m/libc_nano.a
END GROUP
                0x0000000020020000                __stack = (ORIGIN (RAM) + 0x20000)
                0x0000000020020000                _estack = __stack
                0x0000000000000400                __Main_Stack_Size = 0x400
                0x0000000000000400                PROVIDE (_Main_Stack_Size, __Main_Stack_Size)
                0x000000002001fc00                __Main_Stack_Limit = (__stack - __Main_Stack_Size)
                0x000000002001fc00                PROVIDE (_Main_Stack_Limit, __Main_Stack_Limit)
                0x0000000000000100                _Minimum_Stack_Size = 0x100
                0x0000000000000400                _Min_Heap_Size = 0x400
                0x0000000020000000                PROVIDE (_Heap_Begin, _end_noinit)
                0x000000002001fc00                PROVIDE (_Heap_Limit, (__stack - __Main_Stack_Size))

.isr_vector     0x0000000008000000        0x0
                0x0000000008000000                . = ALIGN (0x4)
 *(.isr_vector)
 *(.cfmconfig)
 *(.after_vectors .after_vectors.*)
                0x0000000008000000                . = ALIGN (0x4)

.inits          0x0000000008000000        0x0
                0x0000000008000000                . = ALIGN (0x4)
 *(.init)
 *(.fini)
                0x0000000008000000                . = ALIGN (0x4)
                0x0000000008000000                PROVIDE (__preinit_array_start, .)
 *(.preinit_array_sysinit .preinit_array_sysinit.*)
 *(.preinit_array_platform .preinit_array_platform.*)
 *(.preinit_array .preinit_array.*)
                0x0000000008000000                PROVIDE (__preinit_array_end, .)
                0x0000000008000000                . = ALIGN (0x4)
                0x0000000008000000                PROVIDE (__init_array_start, .)
 *(SORT(.init_array.*))
 *(.init_array)
                0x0000000008000000                PROVIDE (__init_array_end, .)
                0x0000000008000000                . = ALIGN (0x4)
                0x0000000008000000                PROVIDE (__fini_array_start, .)
 *(SORT(.fini_array.*))
 *(.fini_array)
                0x0000000008000000                PROVIDE (__fini_array_end, .)
                0x0000000008000000                . = ALIGN (0x4)

.flashtext      0x0000000008000000        0x0
                0x0000000008000000                . = ALIGN (0x4)
 *(.flashtext .flashtext.*)
                0x0000000008000000                . = ALIGN (0x4)

.text           0x0000000008000000        0x0
                0x0000000008000000                . = ALIGN (0x4)
 *(.text .text.*)
 *(.rodata .rodata.*)
 *(vtable)
 *(.eh_frame*)
 *(.glue_7)
 .glue_7        0x0000000000000000        0x0 linker stubs
 *(.glue_7t)
 .glue_7t       0x0000000000000000        0x0 linker stubs

.vfp11_veneer   0x0000000008000000        0x0
 .vfp11_veneer  0x0000000000000000        0x0 linker stubs

.v4_bx          0x0000000008000000        0x0
 .v4_bx         0x0000000000000000        0x0 linker stubs

.iplt           0x0000000008000000        0x0
 .iplt          0x0000000000000000        0x0 ./stm32dev/src/stm32f4/stm32dev_dma_f4.o

.rel.dyn        0x0000000008000000        0x0
 .rel.iplt      0x0000000000000000        0x0 ./stm32dev/src/stm32f4/stm32dev_dma_f4.o

.ARM.extab
 *(.ARM.extab* .gnu.linkonce.armextab.*)
                0x0000000008000000                __exidx_start = .

.ARM.exidx
 *(.ARM.exidx* .gnu.linkonce.armexidx.*)
                0x0000000008000000                __exidx_end = .
                0x0000000008000000                . = ALIGN (0x4)
                0x0000000008000000                _etext = .
                0x0000000008000000                __etext = .
                0x0000000008000000                _sidata = _etext

.data           0x0000000020000000        0x0 load address 0x0000000008000000
                0x0000000020000000                . = ALIGN (0x4)
                0x0000000020000000                _sdata = .
                0x0000000020000000                __data_start__ = .
 *(.data_begin .data_begin.*)
 *(.data .data.*)
 *(.data_end .data_end.*)
                0x0000000020000000                . = ALIGN (0x4)
                0x0000000020000000                _edata = .
                0x0000000020000000                __data_end__ = .

.igot.plt       0x0000000020000000        0x0
 .igot.plt      0x0000000000000000        0x0 ./stm32dev/src/stm32f4/stm32dev_dma_f4.o

.bss            0x0000000020000000        0x0
                0x0000000020000000                . = ALIGN (0x4)
                0x0000000020000000                __bss_start__ = .
                0x0000000020000000                _sbss = .
 *(.bss_begin .bss_begin.*)
 *(.bss .bss.*)
 *(COMMON)
 *(.bss_end .bss_end.*)
                0x0000000020000000                . = ALIGN (0x4)
                0x0000000020000000                __bss_end__ = .
                0x0000000020000000                _ebss = .

.noinit         0x0000000020000000        0x0
                0x0000000020000000                . = ALIGN (0x4)
                0x0000000020000000                _noinit = .
 *(.noinit .noinit.*)
                0x0000000020000000                . = ALIGN (0x4)
                0x0000000020000000                _end_noinit = .
                0x0000000020000000                PROVIDE (end, _end_noinit)
                0x0000000020000000                PROVIDE (_end, _end_noinit)
                0x0000000020000000                PROVIDE (__end, _end_noinit)
                0x0000000020000000                PROVIDE (__end__, _end_noinit)

._check_stack   0x0000000020000000      0x100
                0x0000000020000000                . = ALIGN (0x4)
                0x0000000020000100                . = (. + _Minimum_Stack_Size)
 *fill*         0x0000000020000000      0x100 
                0x0000000020000100                . = ALIGN (0x4)

.bss_CCMRAM
 *(.bss.CCMRAM .bss.CCMRAM.*)

.b1text
 *(.b1text)
 *(.b1rodata)
 *(.b1rodata.*)

.eb0text
 *(.eb0text)
 *(.eb0rodata)
 *(.eb0rodata.*)

.eb1text
 *(.eb1text)
 *(.eb1rodata)
 *(.eb1rodata.*)

.eb2text
 *(.eb2text)
 *(.eb2rodata)
 *(.eb2rodata.*)

.eb3text
 *(.eb3text)
 *(.eb3rodata)
 *(.eb3rodata.*)

.stab
 *(.stab)

.stabstr
 *(.stabstr)

.stab.excl
 *(.stab.excl)

.stab.exclstr
 *(.stab.exclstr)

.stab.index
 *(.stab.index)

.stab.indexstr
 *(.stab.indexstr)

.comment
 *(.comment)

.debug
 *(.debug)

.line
 *(.line)

.debug_srcinfo
 *(.debug_srcinfo)

.debug_sfnames
 *(.debug_sfnames)

.debug_aranges
 *(.debug_aranges)

.debug_pubnames
 *(.debug_pubnames)

.debug_info
 *(.debug_info .gnu.linkonce.wi.*)

.debug_abbrev
 *(.debug_abbrev)

.debug_line
 *(.debug_line)

.debug_frame
 *(.debug_frame)

.debug_str
 *(.debug_str)

.debug_loc
 *(.debug_loc)

.debug_macinfo
 *(.debug_macinfo)

.debug_weaknames
 *(.debug_weaknames)

.debug_funcnames
 *(.debug_funcnames)

.debug_typenames
 *(.debug_typenames)

.debug_varnames
 *(.debug_varnames)
OUTPUT(ESHXX000-stm32haldev.elf elf32-littlearm)
